Archive member included because of file (symbol)

c:/freescale/kds_v3/toolchain/bin/../lib/gcc/arm-none-eabi/4.8.4/armv7e-m\libgcc.a(_arm_addsubdf3.o)
                              ./Sources/analogicas.o (__aeabi_i2d)
c:/freescale/kds_v3/toolchain/bin/../lib/gcc/arm-none-eabi/4.8.4/armv7e-m\libgcc.a(_arm_muldivdf3.o)
                              ./Sources/analogicas.o (__aeabi_dmul)
c:/freescale/kds_v3/toolchain/bin/../lib/gcc/arm-none-eabi/4.8.4/armv7e-m\libgcc.a(_arm_fixunsdfsi.o)
                              ./Sources/analogicas.o (__aeabi_d2uiz)
c:/freescale/kds_v3/toolchain/bin/../lib/gcc/arm-none-eabi/4.8.4/armv7e-m\libgcc.a(_arm_addsubsf3.o)
                              ./Sources/auxiliar.o (__aeabi_fadd)
c:/freescale/kds_v3/toolchain/bin/../lib/gcc/arm-none-eabi/4.8.4/armv7e-m\libgcc.a(_arm_muldivsf3.o)
                              ./Generated_Code/PwmLdd1.o (__aeabi_fmul)
c:/freescale/kds_v3/toolchain/bin/../lib/gcc/arm-none-eabi/4.8.4/armv7e-m\libgcc.a(_arm_cmpsf2.o)
                              ./Generated_Code/PwmLdd1.o (__aeabi_fcmpgt)
c:/freescale/kds_v3/toolchain/bin/../lib/gcc/arm-none-eabi/4.8.4/armv7e-m\libgcc.a(_arm_fixunssfsi.o)
                              ./Sources/aux_telas.o (__aeabi_f2uiz)
c:/freescale/kds_v3/toolchain/bin/../lib/gcc/arm-none-eabi/4.8.4/armv7e-m\libgcc.a(_aeabi_uldivmod.o)
                              ./Sources/velocimetro.o (__aeabi_uldivmod)
c:/freescale/kds_v3/toolchain/bin/../lib/gcc/arm-none-eabi/4.8.4/armv7e-m\libgcc.a(bpabi.o)
                              c:/freescale/kds_v3/toolchain/bin/../lib/gcc/arm-none-eabi/4.8.4/armv7e-m\libgcc.a(_aeabi_uldivmod.o) (__gnu_uldivmod_helper)
c:/freescale/kds_v3/toolchain/bin/../lib/gcc/arm-none-eabi/4.8.4/armv7e-m\libgcc.a(_dvmd_tls.o)
                              c:/freescale/kds_v3/toolchain/bin/../lib/gcc/arm-none-eabi/4.8.4/armv7e-m\libgcc.a(_aeabi_uldivmod.o) (__aeabi_ldiv0)
c:/freescale/kds_v3/toolchain/bin/../lib/gcc/arm-none-eabi/4.8.4/armv7e-m\libgcc.a(_divdi3.o)
                              c:/freescale/kds_v3/toolchain/bin/../lib/gcc/arm-none-eabi/4.8.4/armv7e-m\libgcc.a(bpabi.o) (__divdi3)
c:/freescale/kds_v3/toolchain/bin/../lib/gcc/arm-none-eabi/4.8.4/armv7e-m\libgcc.a(_udivdi3.o)
                              c:/freescale/kds_v3/toolchain/bin/../lib/gcc/arm-none-eabi/4.8.4/armv7e-m\libgcc.a(bpabi.o) (__udivdi3)
c:/freescale/kds_v3/toolchain/bin/../lib/gcc/arm-none-eabi/4.8.4/../../../../arm-none-eabi/lib/armv7e-m\libg_s.a(lib_a-exit.o)
                              c:/freescale/kds_v3/toolchain/bin/../lib/gcc/arm-none-eabi/4.8.4/../../../../arm-none-eabi/lib/armv7e-m/crt0.o (exit)
c:/freescale/kds_v3/toolchain/bin/../lib/gcc/arm-none-eabi/4.8.4/../../../../arm-none-eabi/lib/armv7e-m\libg_s.a(lib_a-impure.o)
                              c:/freescale/kds_v3/toolchain/bin/../lib/gcc/arm-none-eabi/4.8.4/../../../../arm-none-eabi/lib/armv7e-m\libg_s.a(lib_a-exit.o) (_global_impure_ptr)
c:/freescale/kds_v3/toolchain/bin/../lib/gcc/arm-none-eabi/4.8.4/../../../../arm-none-eabi/lib/armv7e-m\libg_s.a(lib_a-init.o)
                              c:/freescale/kds_v3/toolchain/bin/../lib/gcc/arm-none-eabi/4.8.4/../../../../arm-none-eabi/lib/armv7e-m/crt0.o (__libc_init_array)
c:/freescale/kds_v3/toolchain/bin/../lib/gcc/arm-none-eabi/4.8.4/../../../../arm-none-eabi/lib/armv7e-m\libg_s.a(lib_a-memcpy-stub.o)
                              ./Generated_Code/IFsh1.o (memcpy)
c:/freescale/kds_v3/toolchain/bin/../lib/gcc/arm-none-eabi/4.8.4/../../../../arm-none-eabi/lib/armv7e-m\libg_s.a(lib_a-memset.o)
                              c:/freescale/kds_v3/toolchain/bin/../lib/gcc/arm-none-eabi/4.8.4/../../../../arm-none-eabi/lib/armv7e-m/crt0.o (memset)
c:/freescale/kds_v3/toolchain/bin/../lib/gcc/arm-none-eabi/4.8.4/../../../../arm-none-eabi/lib/armv7e-m\libnosys.a(_exit.o)
                              c:/freescale/kds_v3/toolchain/bin/../lib/gcc/arm-none-eabi/4.8.4/../../../../arm-none-eabi/lib/armv7e-m\libg_s.a(lib_a-exit.o) (_exit)

Allocating common symbols
Common symbol       size              file

auxPulsos_odo       0x2               ./Sources/Events.o
oleoTemp            0x2               ./Sources/Events.o
almTempB            0x1               ./Sources/Events.o
vaicorintias        0x4               ./Sources/Events.o
histerezeAgua       0x1               ./Sources/Events.o
minTempB            0x2               ./Sources/Events.o
rangeSensor         0x1               ./Sources/analogicas.o
ASerialLdd1_DeviceDataPtr
                    0x4               ./Generated_Code/Bluethoot.o
pressCombMin        0x2               ./Sources/Events.o
back                0x1               ./Sources/Events.o
engOleo             0x1               ./Sources/Events.o
contShowAlarme      0x4               ./Sources/Events.o
mili                0x2               ./Sources/Events.o
b                   0x1               ./Sources/Events.o
pressCombMax        0x2               ./Sources/Events.o
[...]
Memory Configuration

Name             Origin             Length             Attributes
m_interrupts     0x00000000         0x000001bc         xr
m_text           0x00000410         0x0003fbf0         xr
m_data           0x1fff8000         0x00008000         rw
m_data_20000000  0x20000000         0x00008000         rw
m_cfmprotrom     0x00000400         0x00000010         xr
*default*        0x00000000         0xffffffff

Linker script and memory map

LOAD c:/freescale/kds_v3/toolchain/bin/../lib/gcc/arm-none-eabi/4.8.4/armv7e-m/crti.o
LOAD c:/freescale/kds_v3/toolchain/bin/../lib/gcc/arm-none-eabi/4.8.4/armv7e-m/crtbegin.o
LOAD c:/freescale/kds_v3/toolchain/bin/../lib/gcc/arm-none-eabi/4.8.4/../../../../arm-none-eabi/lib/armv7e-m/crt0.o
LOAD ./Sources/Bluethoot.o
LOAD ./Sources/Events.o
LOAD ./Sources/analogicas.o
LOAD ./Sources/aux_telas.o
LOAD ./Sources/auxiliar.o
LOAD ./Sources/dadosFlash.o
LOAD ./Sources/display.o
LOAD ./Sources/main.o
LOAD ./Sources/nivel_tanque.o
LOAD ./Sources/telaPrincipal.o
LOAD ./Sources/velocimetro.o
LOAD ./Project_Settings/Startup_Code/startup.o
LOAD ./Generated_Code/ADC0_chanells.o
LOAD ./Generated_Code/ADC1_chanells.o
LOAD ./Generated_Code/ASerialLdd1.o
LOAD ./Generated_Code/AdcLdd1.o
LOAD ./Generated_Code/AdcLdd2.o
LOAD ./Generated_Code/BIT_PTC.o
LOAD ./Generated_Code/BackLight.o
LOAD ./Generated_Code/Bit1.o
LOAD ./Generated_Code/BitIoLdd10.o
LOAD ./Generated_Code/BitIoLdd11.o
LOAD ./Generated_Code/BitIoLdd12.o
LOAD ./Generated_Code/BitIoLdd13.o
LOAD ./Generated_Code/BitIoLdd14.o
LOAD ./Generated_Code/BitIoLdd15.o
LOAD ./Generated_Code/BitIoLdd16.o
LOAD ./Generated_Code/BitIoLdd17.o
LOAD ./Generated_Code/BitIoLdd18.o
LOAD ./Generated_Code/BitIoLdd19.o
LOAD ./Generated_Code/BitIoLdd2.o
LOAD ./Generated_Code/BitIoLdd20.o
LOAD ./Generated_Code/BitIoLdd21.o
LOAD ./Generated_Code/BitIoLdd22.o
LOAD ./Generated_Code/BitIoLdd23.o
LOAD ./Generated_Code/BitIoLdd24.o
LOAD ./Generated_Code/BitIoLdd25.o
LOAD ./Generated_Code/BitIoLdd3.o
LOAD ./Generated_Code/BitIoLdd4.o
LOAD ./Generated_Code/BitIoLdd5.o
LOAD ./Generated_Code/BitIoLdd6.o
LOAD ./Generated_Code/BitIoLdd7.o
LOAD ./Generated_Code/BitIoLdd8.o
LOAD ./Generated_Code/BitIoLdd9.o
LOAD ./Generated_Code/BitsIoLdd1.o
LOAD ./Generated_Code/BitsIoLdd2.o
LOAD ./Generated_Code/BitsIoLdd3.o
LOAD ./Generated_Code/BitsIoLdd4.o
LOAD ./Generated_Code/BitsIoLdd5.o
LOAD ./Generated_Code/Bluethoot.o
LOAD ./Generated_Code/Buzzer.o
LOAD ./Generated_Code/CaptureLdd1.o
LOAD ./Generated_Code/CaptureLdd2.o
LOAD ./Generated_Code/Cpu.o
LOAD ./Generated_Code/DOWN.o
LOAD ./Generated_Code/ENTER.o
LOAD ./Generated_Code/FC321.o
LOAD ./Generated_Code/FC322.o
LOAD ./Generated_Code/IFsh1.o
LOAD ./Generated_Code/IntFlashLdd1.o
LOAD ./Generated_Code/LCD_0.o
LOAD ./Generated_Code/LCD_1.o
LOAD ./Generated_Code/LCD_2.o
LOAD ./Generated_Code/LCD_3.o
LOAD ./Generated_Code/LCD_4.o
LOAD ./Generated_Code/LCD_5.o
LOAD ./Generated_Code/LCD_6.o
LOAD ./Generated_Code/LCD_7.o
LOAD ./Generated_Code/Lcd_E.o
LOAD ./Generated_Code/Lcd_RS.o
LOAD ./Generated_Code/Lcd_RW.o
LOAD ./Generated_Code/MENU0.o
LOAD ./Generated_Code/PE_LDD.o
LOAD ./Generated_Code/PTB.o
LOAD ./Generated_Code/PTB9.o
LOAD ./Generated_Code/PTC.o
LOAD ./Generated_Code/PTC13_14_15.o
LOAD ./Generated_Code/PTC18.o
LOAD ./Generated_Code/PTE1.o
LOAD ./Generated_Code/PTE24.o
LOAD ./Generated_Code/PTES.o
LOAD ./Generated_Code/PowerOnOff.o
LOAD ./Generated_Code/PwmLdd1.o
LOAD ./Generated_Code/RPM.o
LOAD ./Generated_Code/RTC1.o
LOAD ./Generated_Code/RealTimeLdd1.o
LOAD ./Generated_Code/RealTimeLdd2.o
LOAD ./Generated_Code/Sens_vel.o
LOAD ./Generated_Code/TI1.o
LOAD ./Generated_Code/TU1.o
LOAD ./Generated_Code/TU2.o
LOAD ./Generated_Code/TU3.o
LOAD ./Generated_Code/TU4.o
LOAD ./Generated_Code/TU5.o
LOAD ./Generated_Code/TU6.o
LOAD ./Generated_Code/TU7.o
LOAD ./Generated_Code/Teclado.o
LOAD ./Generated_Code/TimeDateLdd1.o
LOAD ./Generated_Code/TimerIntLdd1.o
LOAD ./Generated_Code/TimerIntLdd2.o
LOAD ./Generated_Code/TmDt1.o
LOAD ./Generated_Code/UP.o
LOAD ./Generated_Code/Vectors.o
LOAD ./Generated_Code/WDog1.o
LOAD ./Generated_Code/WatchDogLdd1.o
LOAD ./Generated_Code/pta19.o
LOAD ./Generated_Code/pta5.o
LOAD c:/freescale/kds_v3/toolchain/bin/../lib/gcc/arm-none-eabi/4.8.4/../../../../arm-none-eabi/lib/armv7e-m\libstdc++_s.a
LOAD c:/freescale/kds_v3/toolchain/bin/../lib/gcc/arm-none-eabi/4.8.4/../../../../arm-none-eabi/lib/armv7e-m\libm.a
START GROUP
LOAD c:/freescale/kds_v3/toolchain/bin/../lib/gcc/arm-none-eabi/4.8.4/armv7e-m\libgcc.a
LOAD c:/freescale/kds_v3/toolchain/bin/../lib/gcc/arm-none-eabi/4.8.4/../../../../arm-none-eabi/lib/armv7e-m\libg_s.a
LOAD c:/freescale/kds_v3/toolchain/bin/../lib/gcc/arm-none-eabi/4.8.4/../../../../arm-none-eabi/lib/armv7e-m\libc_s.a
END GROUP
START GROUP
LOAD c:/freescale/kds_v3/toolchain/bin/../lib/gcc/arm-none-eabi/4.8.4/armv7e-m\libgcc.a
LOAD c:/freescale/kds_v3/toolchain/bin/../lib/gcc/arm-none-eabi/4.8.4/../../../../arm-none-eabi/lib/armv7e-m\libc_s.a
LOAD c:/freescale/kds_v3/toolchain/bin/../lib/gcc/arm-none-eabi/4.8.4/../../../../arm-none-eabi/lib/armv7e-m\libnosys.a
END GROUP
START GROUP
LOAD c:/freescale/kds_v3/toolchain/bin/../lib/gcc/arm-none-eabi/4.8.4/armv7e-m\libgcc.a
LOAD c:/freescale/kds_v3/toolchain/bin/../lib/gcc/arm-none-eabi/4.8.4/../../../../arm-none-eabi/lib/armv7e-m\libc_s.a
LOAD c:/freescale/kds_v3/toolchain/bin/../lib/gcc/arm-none-eabi/4.8.4/../../../../arm-none-eabi/lib/armv7e-m\libnosys.a
END GROUP
LOAD c:/freescale/kds_v3/toolchain/bin/../lib/gcc/arm-none-eabi/4.8.4/armv7e-m/crtend.o
LOAD c:/freescale/kds_v3/toolchain/bin/../lib/gcc/arm-none-eabi/4.8.4/armv7e-m/crtn.o
                0x20000000                _estack = 0x20000000
                0x20000000                __SP_INIT = _estack
                0x20000000                __stack = _estack
                0x00000000                __heap_size = 0x0
                0x00000400                __stack_size = 0x400

.interrupts     0x00000000      0x1bc
                0x00000000                __vector_table = .
                0x00000000                . = ALIGN (0x4)
 *(.vectortable)
 .vectortable   0x00000000      0x1bc ./Generated_Code/Vectors.o
                0x00000000                __vect_table
                0x000001bc                . = ALIGN (0x4)

.cfmprotect     0x00000400       0x10
                0x00000400                . = ALIGN (0x4)
 *(.cfmconfig)
 .cfmconfig     0x00000400       0x10 ./Generated_Code/Cpu.o
                0x00000400                _cfm
                0x00000410                . = ALIGN (0x4)

.text           0x00000410    0x172a0
                0x00000410                . = ALIGN (0x4)
 *(.text)
 .text          0x00000410       0x54 c:/freescale/kds_v3/toolchain/bin/../lib/gcc/arm-none-eabi/4.8.4/armv7e-m/crtbegin.o
 .text          0x00000464       0x74 c:/freescale/kds_v3/toolchain/bin/../lib/gcc/arm-none-eabi/4.8.4/../../../../arm-none-eabi/lib/armv7e-m/crt0.o
                0x00000464                _start
                0x00000464                _mainCRTStartup
 .text          0x000004d8      0x370 c:/freescale/kds_v3/toolchain/bin/../lib/gcc/arm-none-eabi/4.8.4/armv7e-m\libgcc.a(_arm_addsubdf3.o)
                0x000004d8                __aeabi_drsub
                0x000004e0                __aeabi_dsub
                0x000004e0                __subdf3
                0x000004e4                __aeabi_dadd
                0x000004e4                __adddf3
                0x0000075c                __floatunsidf
                0x0000075c                __aeabi_ui2d
                0x0000077c                __floatsidf
                0x0000077c                __aeabi_i2d
                0x000007a0                __aeabi_f2d
                0x000007a0                __extendsfdf2
                0x000007dc                __floatundidf
                0x000007dc                __aeabi_ul2d
                0x000007ec                __floatdidf
                0x000007ec                __aeabi_l2d
 .text          0x00000848      0x424 c:/freescale/kds_v3/toolchain/bin/../lib/gcc/arm-none-eabi/4.8.4/armv7e-m\libgcc.a(_arm_muldivdf3.o)
                0x00000848                __aeabi_dmul
                0x00000848                __muldf3
                0x00000a9c                __divdf3
                0x00000a9c                __aeabi_ddiv
 .text          0x00000c6c       0x40 c:/freescale/kds_v3/toolchain/bin/../lib/gcc/arm-none-eabi/4.8.4/armv7e-m\libgcc.a(_arm_fixunsdfsi.o)
                0x00000c6c                __aeabi_d2uiz
                0x00000c6c                __fixunsdfsi
 .text          0x00000cac      0x21c c:/freescale/kds_v3/toolchain/bin/../lib/gcc/arm-none-eabi/4.8.4/armv7e-m\libgcc.a(_arm_addsubsf3.o)
                0x00000cac                __aeabi_frsub
                0x00000cb4                __subsf3
                0x00000cb4                __aeabi_fsub
                0x00000cb8                __aeabi_fadd
                0x00000cb8                __addsf3
                0x00000e18                __aeabi_ui2f
                0x00000e18                __floatunsisf
                0x00000e20                __aeabi_i2f
                0x00000e20                __floatsisf
                0x00000e3c                __aeabi_ul2f
                0x00000e3c                __floatundisf
                0x00000e4c                __aeabi_l2f
                0x00000e4c                __floatdisf
 .text          0x00000ec8      0x2a0 c:/freescale/kds_v3/toolchain/bin/../lib/gcc/arm-none-eabi/4.8.4/armv7e-m\libgcc.a(_arm_muldivsf3.o)
                0x00000ec8                __mulsf3
                0x00000ec8                __aeabi_fmul
                0x00001030                __aeabi_fdiv
                0x00001030                __divsf3
 .text          0x00001168       0xec c:/freescale/kds_v3/toolchain/bin/../lib/gcc/arm-none-eabi/4.8.4/armv7e-m\libgcc.a(_arm_cmpsf2.o)
                0x00001168                __gesf2
                0x00001168                __gtsf2
                0x00001170                __lesf2
                0x00001170                __ltsf2
                0x00001178                __nesf2
                0x00001178                __eqsf2
                0x00001178                __cmpsf2
                0x000011d8                __aeabi_cfrcmple
                0x000011e0                __aeabi_cfcmpeq
                0x000011e0                __aeabi_cfcmple
                0x000011f0                __aeabi_fcmpeq
                0x00001204                __aeabi_fcmplt
                0x00001218                __aeabi_fcmple
                0x0000122c                __aeabi_fcmpge
                0x00001240                __aeabi_fcmpgt
 .text          0x00001254       0x40 c:/freescale/kds_v3/toolchain/bin/../lib/gcc/arm-none-eabi/4.8.4/armv7e-m\libgcc.a(_arm_fixunssfsi.o)
                0x00001254                __fixunssfsi
                0x00001254                __aeabi_f2uiz
 .text          0x00001294       0x2c c:/freescale/kds_v3/toolchain/bin/../lib/gcc/arm-none-eabi/4.8.4/armv7e-m\libgcc.a(_aeabi_uldivmod.o)
                0x00001294                __aeabi_uldivmod
 .text          0x000012c0       0x60 c:/freescale/kds_v3/toolchain/bin/../lib/gcc/arm-none-eabi/4.8.4/armv7e-m\libgcc.a(bpabi.o)
                0x000012c0                __gnu_ldivmod_helper
                0x000012f0                __gnu_uldivmod_helper
 .text          0x00001320        0x4 c:/freescale/kds_v3/toolchain/bin/../lib/gcc/arm-none-eabi/4.8.4/armv7e-m\libgcc.a(_dvmd_tls.o)
                0x00001320                __aeabi_idiv0
                0x00001320                __aeabi_ldiv0
 .text          0x00001324      0x298 c:/freescale/kds_v3/toolchain/bin/../lib/gcc/arm-none-eabi/4.8.4/armv7e-m\libgcc.a(_divdi3.o)
                0x00001324                __divdi3
 .text          0x000015bc      0x284 c:/freescale/kds_v3/toolchain/bin/../lib/gcc/arm-none-eabi/4.8.4/armv7e-m\libgcc.a(_udivdi3.o)
                0x000015bc                __udivdi3
 *(.text*)
 .text.comandosBluethoot
                0x00001840      0x1b0 ./Sources/Bluethoot.o
                0x00001840                comandosBluethoot
 .text.convertNumerBlu
                0x000019f0       0x14 ./Sources/Bluethoot.o
                0x000019f0                convertNumerBlu
 .text.TI1_OnInterrupt
                0x00001a04      0x2c0 ./Sources/Events.o
                0x00001a04                TI1_OnInterrupt
 .text.Teclado_OnInterrupt
                0x00001cc4       0x18 ./Sources/Events.o
                0x00001cc4                Teclado_OnInterrupt
 .text.RPM_OnCapture
                0x00001cdc       0xf8 ./Sources/Events.o
                0x00001cdc                RPM_OnCapture
 .text.Sens_vel_OnCapture
                0x00001dd4       0xd4 ./Sources/Events.o
                0x00001dd4                Sens_vel_OnCapture
 .text.Sens_vel_OnOverflow
                0x00001ea8       0x1c ./Sources/Events.o
                0x00001ea8                Sens_vel_OnOverflow
 .text.Bluethoot_OnRxChar
                0x00001ec4       0xb0 ./Sources/Events.o
                0x00001ec4                Bluethoot_OnRxChar
 .text.Bluethoot_OnTxChar
                0x00001f74        0xc ./Sources/Events.o
                0x00001f74                Bluethoot_OnTxChar
 .text.analogicasmed
                0x00001f80      0x368 ./Sources/analogicas.o
                0x00001f80                analogicasmed
 .text.tensao   0x000022e8      0x178 ./Sources/analogicas.o
                0x000022e8                tensao
 .text.SensorRange
                0x00002460      0x18c ./Sources/analogicas.o
                0x00002460                SensorRange
 .text.sensorMap
                0x000025ec      0x17c ./Sources/analogicas.o
                0x000025ec                sensorMap
 .text.pressMap
                0x00002768      0x478 ./Sources/analogicas.o
                0x00002768                pressMap
 .text.config_rpm
                0x00002be0      0x240 ./Sources/aux_telas.o
                0x00002be0                config_rpm
 .text.sensor_pressao
                0x00002e20      0x258 ./Sources/aux_telas.o
                0x00002e20                sensor_pressao
 .text.sens_temperatura
                0x00003078      0x458 ./Sources/aux_telas.o
                0x00003078                sens_temperatura
 .text.setDate  0x000034d0      0x7b8 ./Sources/aux_telas.o
                0x000034d0                setDate
 .text.AuxSenha
                0x00003c88      0x204 ./Sources/aux_telas.o
                0x00003c88                AuxSenha
 .text.cadastro_senha
                0x00003e8c      0x418 ./Sources/aux_telas.o
                0x00003e8c                cadastro_senha
 .text.verSenha
                0x000042a4      0x220 ./Sources/aux_telas.o
                0x000042a4                verSenha
 .text.sensors  0x000044c4      0x184 ./Sources/aux_telas.o
                0x000044c4                sensors
 .text.configPressOleo
                0x00004648      0x288 ./Sources/aux_telas.o
                0x00004648                configPressOleo
 .text.calVolts
                0x000048d0      0x754 ./Sources/aux_telas.o
                0x000048d0                calVolts
 .text.pressaoComb
                0x00005024      0x298 ./Sources/aux_telas.o
                0x00005024                pressaoComb
 .text.pressaoOleo
                0x000052bc      0x298 ./Sources/aux_telas.o
                0x000052bc                pressaoOleo
 .text.temperaturaOleo
                0x00005554      0x2fc ./Sources/aux_telas.o
                0x00005554                temperaturaOleo
 .text.temperaturaAuxA
                0x00005850      0x230 ./Sources/aux_telas.o
                0x00005850                temperaturaAuxA
 .text.temperaturaAuxB
                0x00005a80      0x2dc ./Sources/aux_telas.o
                0x00005a80                temperaturaAuxB
 .text.auxAlarmeOleo
                0x00005d5c      0x344 ./Sources/aux_telas.o
                0x00005d5c                auxAlarmeOleo
 .text.pressAlarm
                0x000060a0      0x534 ./Sources/aux_telas.o
                0x000060a0                pressAlarm
 .text.teclado  0x000065d4      0x1a0 ./Sources/auxiliar.o
                0x000065d4                teclado
 .text.temp_agua
                0x00006774       0x20 ./Sources/auxiliar.o
                0x00006774                temp_agua
 .text.sens_temp_a
                0x00006794       0x20 ./Sources/auxiliar.o
                0x00006794                sens_temp_a
 .text.sens_temp_b
                0x000067b4       0x20 ./Sources/auxiliar.o
                0x000067b4                sens_temp_b
 .text.temp_oleo
                0x000067d4       0x20 ./Sources/auxiliar.o
                0x000067d4                temp_oleo
 .text.pressao_oleo
                0x000067f4       0x20 ./Sources/auxiliar.o
                0x000067f4                pressao_oleo
 .text.pressao_comb
                0x00006814       0x20 ./Sources/auxiliar.o
                0x00006814                pressao_comb
 .text.sondaLambda
                0x00006834       0x20 ./Sources/auxiliar.o
                0x00006834                sondaLambda
 .text.nivelTanque
                0x00006854       0x20 ./Sources/auxiliar.o
                0x00006854                nivelTanque
 .text.tensaoBateria
                0x00006874       0x20 ./Sources/auxiliar.o
                0x00006874                tensaoBateria
 .text.tensaoCombustivel
                0x00006894       0x20 ./Sources/auxiliar.o
                0x00006894                tensaoCombustivel
 .text.tensaoOleo
                0x000068b4       0x20 ./Sources/auxiliar.o
                0x000068b4                tensaoOleo
 .text.tensaoMap
                0x000068d4       0x54 ./Sources/auxiliar.o
                0x000068d4                tensaoMap
 .text.conversoes_temp
                0x00006928      0x144 ./Sources/auxiliar.o
                0x00006928                conversoes_temp
 .text.convert_press
                0x00006a6c      0x164 ./Sources/auxiliar.o
                0x00006a6c                convert_press
 .text.SensorTempAgua
                0x00006bd0      0x474 ./Sources/auxiliar.o
                0x00006bd0                SensorTempAgua
 .text.tempAgua
                0x00007044      0x304 ./Sources/auxiliar.o
                0x00007044                tempAgua
 .text.bateria  0x00007348       0xe8 ./Sources/auxiliar.o
                0x00007348                bateria
 .text.pergunta
                0x00007430      0x280 ./Sources/auxiliar.o
                0x00007430                pergunta
 .text.definirAlarmes
                0x000076b0      0x45c ./Sources/auxiliar.o
                0x000076b0                definirAlarmes
 .text.aux_temper
                0x00007b0c       0xe0 ./Sources/auxiliar.o
                0x00007b0c                aux_temper
 .text.organizaAlarmes
                0x00007bec      0x248 ./Sources/auxiliar.o
                0x00007bec                organizaAlarmes
 .text.ver_alarmes
                0x00007e34      0x68c ./Sources/auxiliar.o
                0x00007e34                ver_alarmes
 .text.unityMap
                0x000084c0      0x238 ./Sources/auxiliar.o
                0x000084c0                unityMap
 .text.unityPressOleo
                0x000086f8       0x74 ./Sources/auxiliar.o
                0x000086f8                unityPressOleo
 .text.unityPressComb
                0x0000876c       0x74 ./Sources/auxiliar.o
                0x0000876c                unityPressComb
 .text.writeflash
                0x000087e0      0x424 ./Sources/dadosFlash.o
                0x000087e0                writeflash
 .text.readflash
                0x00008c04      0x3ac ./Sources/dadosFlash.o
                0x00008c04                readflash
 .text.calibracaoPadrao
                0x00008fb0      0x254 ./Sources/dadosFlash.o
                0x00008fb0                calibracaoPadrao
 .text.getRtc   0x00009204       0xe4 ./Sources/dadosFlash.o
                0x00009204                getRtc
 .text.setRtc   0x000092e8       0x40 ./Sources/dadosFlash.o
                0x000092e8                setRtc
 .text.getDate  0x00009328       0x38 ./Sources/dadosFlash.o
                0x00009328                getDate
 .text.display_init
                0x00009360      0x168 ./Sources/display.o
                0x00009360                display_init
 .text.reseta_saidas_lcd
                0x000094c8       0x84 ./Sources/display.o
                0x000094c8                reseta_saidas_lcd
 .text.lcd_write
                0x0000954c       0x84 ./Sources/display.o
                0x0000954c                lcd_write
 .text.show_cursor
                0x000095d0       0xa4 ./Sources/display.o
                0x000095d0                show_cursor
 .text.posiciona_cursor
                0x00009674      0x150 ./Sources/display.o
                0x00009674                posiciona_cursor
 .text.limpa_disp
                0x000097c4       0x38 ./Sources/display.o
                0x000097c4                limpa_disp
 .text.L        0x000097fc     0x11a8 ./Sources/display.o
                0x000097fc                L
 .text.escreve_lcd
                0x0000a9a4       0x28 ./Sources/display.o
                0x0000a9a4                escreve_lcd
 .text.linha    0x0000a9cc      0x120 ./Sources/display.o
                0x0000a9cc                linha
 .text.move_character
                0x0000aaec      0xf18 ./Sources/display.o
                0x0000aaec                move_character
 .text.clear_line
                0x0000ba04      0x1f0 ./Sources/display.o
                0x0000ba04                clear_line
 .text.scrool_menu
                0x0000bbf4      0x274 ./Sources/display.o
                0x0000bbf4                scrool_menu
 .text.moveSeta
                0x0000be68      0xf5c ./Sources/display.o
                0x0000be68                moveSeta
 .text.textIput
                0x0000cdc4      0x2f0 ./Sources/display.o
                0x0000cdc4                textIput
 .text.main     0x0000d0b4       0x98 ./Sources/main.o
                0x0000d0b4                main
 .text.delay    0x0000d14c       0x30 ./Sources/main.o
                0x0000d14c                delay
 .text.screen   0x0000d17c      0x20c ./Sources/main.o
                0x0000d17c                screen
 .text.tela99   0x0000d388       0xbc ./Sources/main.o
                0x0000d388                tela99
 .text.tela_0   0x0000d444      0x16c ./Sources/main.o
                0x0000d444                tela_0
 .text.tela_principal
                0x0000d5b0      0x1b0 ./Sources/main.o
                0x0000d5b0                tela_principal
 .text.menu     0x0000d760      0x1f0 ./Sources/main.o
                0x0000d760                menu
 .text.inicializa
                0x0000d950      0x41c ./Sources/main.o
                0x0000d950                inicializa
 .text.deligaDAdosDSP
                0x0000dd6c       0x90 ./Sources/main.o
                0x0000dd6c                deligaDAdosDSP
 .text.tanque_config
                0x0000ddfc      0x9d0 ./Sources/nivel_tanque.o
                0x0000ddfc                tanque_config
 .text.atualiza_medTanq
                0x0000e7cc       0xbc ./Sources/nivel_tanque.o
                0x0000e7cc                atualiza_medTanq
 .text.analogTanq
                0x0000e888      0x12c ./Sources/nivel_tanque.o
                0x0000e888                analogTanq
 .text.medTanque
                0x0000e9b4      0x4dc ./Sources/nivel_tanque.o
                0x0000e9b4                medTanque
 .text.chekKm   0x0000ee90      0x22c ./Sources/nivel_tanque.o
                0x0000ee90                chekKm
 .text.KmRemaining
                0x0000f0bc      0x1d8 ./Sources/nivel_tanque.o
                0x0000f0bc                KmRemaining
 .text.telaPrincipal
                0x0000f294      0x2f0 ./Sources/telaPrincipal.o
                0x0000f294                telaPrincipal
 .text.telaPrincipalCont
                0x0000f584      0x298 ./Sources/telaPrincipal.o
                0x0000f584                telaPrincipalCont
 .text.telaPrincipal101
                0x0000f81c      0x298 ./Sources/telaPrincipal.o
                0x0000f81c                telaPrincipal101
 .text.teclasTela
                0x0000fab4      0x194 ./Sources/telaPrincipal.o
                0x0000fab4                teclasTela
 .text.odometro
                0x0000fc48      0x8c8 ./Sources/velocimetro.o
                0x0000fc48                odometro
 .text.config_velocimetro
                0x00010510      0x2c0 ./Sources/velocimetro.o
                0x00010510                config_velocimetro
 .text.calculaVelocidade
                0x000107d0      0x1a8 ./Sources/velocimetro.o
                0x000107d0                calculaVelocidade
 .text.acelerom
                0x00010978       0x80 ./Sources/velocimetro.o
                0x00010978                acelerom
 .text.calculaOdometro
                0x000109f8       0xf4 ./Sources/velocimetro.o
                0x000109f8                calculaOdometro
 .text.showOdometro
                0x00010aec      0x47c ./Sources/velocimetro.o
                0x00010aec                showOdometro
 .text.getRpm   0x00010f68      0x250 ./Sources/velocimetro.o
                0x00010f68                getRpm
 .text.__copy_rom_section
                0x000111b8       0xe4 ./Project_Settings/Startup_Code/startup.o
                0x000111b8                __copy_rom_section
 .text.__copy_rom_sections_to_ram
                0x0001129c       0x9c ./Project_Settings/Startup_Code/startup.o
                0x0001129c                __copy_rom_sections_to_ram
 .text.__init_registers
                0x00011338        0xc ./Project_Settings/Startup_Code/startup.o
                0x00011338                __init_registers
 .text.__init_user
                0x00011344        0xc ./Project_Settings/Startup_Code/startup.o
                0x00011344                __init_user
 .text.__thumb_startup
                0x00011350       0x34 ./Project_Settings/Startup_Code/startup.o
                0x00011350                __thumb_startup
 .text.ADC0_chanells_MainMeasure
                0x00011384       0xb4 ./Generated_Code/ADC0_chanells.o
 .text.ADC0_chanells_HWEnDi
                0x00011438       0x98 ./Generated_Code/ADC0_chanells.o
                0x00011438                ADC0_chanells_HWEnDi
 .text.PE_ADC0_chanells_MeasureChan
                0x000114d0       0x64 ./Generated_Code/ADC0_chanells.o
                0x000114d0                PE_ADC0_chanells_MeasureChan
 .text.ADC0_chanells_GetChanValue16
                0x00011534       0x74 ./Generated_Code/ADC0_chanells.o
                0x00011534                ADC0_chanells_GetChanValue16
 .text.ADC0_chanells_SetClockConfiguration
                0x000115a8       0x30 ./Generated_Code/ADC0_chanells.o
                0x000115a8                ADC0_chanells_SetClockConfiguration
 .text.ADC0_chanells_Init
                0x000115d8       0x48 ./Generated_Code/ADC0_chanells.o
                0x000115d8                ADC0_chanells_Init
 .text.ADC1_chanells_MainMeasure
                0x00011620       0xb8 ./Generated_Code/ADC1_chanells.o
 .text.ADC1_chanells_HWEnDi
                0x000116d8       0x88 ./Generated_Code/ADC1_chanells.o
                0x000116d8                ADC1_chanells_HWEnDi
 .text.PE_ADC1_chanells_MeasureChan
                0x00011760       0x54 ./Generated_Code/ADC1_chanells.o
                0x00011760                PE_ADC1_chanells_MeasureChan
 .text.ADC1_chanells_GetChanValue16
                0x000117b4       0x68 ./Generated_Code/ADC1_chanells.o
                0x000117b4                ADC1_chanells_GetChanValue16
 .text.ADC1_chanells_SetClockConfiguration
                0x0001181c       0x14 ./Generated_Code/ADC1_chanells.o
                0x0001181c                ADC1_chanells_SetClockConfiguration
 .text.ADC1_chanells_Init
                0x00011830       0x40 ./Generated_Code/ADC1_chanells.o
                0x00011830                ADC1_chanells_Init
 .text.ASerialLdd1_Init
                0x00011870      0x13c ./Generated_Code/ASerialLdd1.o
                0x00011870                ASerialLdd1_Init
 .text.ASerialLdd1_Enable
                0x000119ac       0x2c ./Generated_Code/ASerialLdd1.o
                0x000119ac                ASerialLdd1_Enable
 .text.ASerialLdd1_Disable
                0x000119d8       0x2c ./Generated_Code/ASerialLdd1.o
                0x000119d8                ASerialLdd1_Disable
 .text.ASerialLdd1_ReceiveBlock
                0x00011a04       0x9c ./Generated_Code/ASerialLdd1.o
                0x00011a04                ASerialLdd1_ReceiveBlock
 .text.ASerialLdd1_SendBlock
                0x00011aa0       0xc8 ./Generated_Code/ASerialLdd1.o
                0x00011aa0                ASerialLdd1_SendBlock
 .text.HWEnDi   0x00011b68       0xcc ./Generated_Code/ASerialLdd1.o
 .text.InterruptRx
                0x00011c34       0x58 ./Generated_Code/ASerialLdd1.o
 .text.InterruptTx
                0x00011c8c       0x80 ./Generated_Code/ASerialLdd1.o
 .text.ASerialLdd1_Interrupt
                0x00011d0c       0xf4 ./Generated_Code/ASerialLdd1.o
                0x00011d0c                ASerialLdd1_Interrupt
 .text.ASerialLdd1_SetClockConfiguration
                0x00011e00       0x90 ./Generated_Code/ASerialLdd1.o
                0x00011e00                ASerialLdd1_SetClockConfiguration
 .text.ASerialLdd1_GetError
                0x00011e90       0x7c ./Generated_Code/ASerialLdd1.o
                0x00011e90                ASerialLdd1_GetError
 .text.AdcLdd1_Init
                0x00011f0c       0xdc ./Generated_Code/AdcLdd1.o
                0x00011f0c                AdcLdd1_Init
 .text.AdcLdd1_Enable
                0x00011fe8       0x1c ./Generated_Code/AdcLdd1.o
                0x00011fe8                AdcLdd1_Enable
 .text.AdcLdd1_Disable
                0x00012004       0x34 ./Generated_Code/AdcLdd1.o
                0x00012004                AdcLdd1_Disable
 .text.AdcLdd1_StartSingleMeasurement
                0x00012038       0x58 ./Generated_Code/AdcLdd1.o
                0x00012038                AdcLdd1_StartSingleMeasurement
 .text.AdcLdd1_CreateSampleGroup
                0x00012090       0x74 ./Generated_Code/AdcLdd1.o
                0x00012090                AdcLdd1_CreateSampleGroup
 .text.AdcLdd1_GetMeasuredValues
                0x00012104       0x58 ./Generated_Code/AdcLdd1.o
                0x00012104                AdcLdd1_GetMeasuredValues
 .text.AdcLdd1_GetMeasurementCompleteStatus
                0x0001215c       0x34 ./Generated_Code/AdcLdd1.o
                0x0001215c                AdcLdd1_GetMeasurementCompleteStatus
 .text.AdcLdd1_SetClockConfiguration
                0x00012190       0x4c ./Generated_Code/AdcLdd1.o
                0x00012190                AdcLdd1_SetClockConfiguration
 .text.AdcLdd2_Init
                0x000121dc       0xbc ./Generated_Code/AdcLdd2.o
                0x000121dc                AdcLdd2_Init
 .text.AdcLdd2_Enable
                0x00012298       0x28 ./Generated_Code/AdcLdd2.o
                0x00012298                AdcLdd2_Enable
 .text.AdcLdd2_Disable
                0x000122c0       0x40 ./Generated_Code/AdcLdd2.o
                0x000122c0                AdcLdd2_Disable
 .text.AdcLdd2_StartSingleMeasurement
                0x00012300       0x64 ./Generated_Code/AdcLdd2.o
                0x00012300                AdcLdd2_StartSingleMeasurement
 .text.AdcLdd2_CreateSampleGroup
                0x00012364       0x80 ./Generated_Code/AdcLdd2.o
                0x00012364                AdcLdd2_CreateSampleGroup
 .text.AdcLdd2_GetMeasuredValues
                0x000123e4       0x64 ./Generated_Code/AdcLdd2.o
                0x000123e4                AdcLdd2_GetMeasuredValues
 .text.AdcLdd2_GetMeasurementCompleteStatus
                0x00012448       0x34 ./Generated_Code/AdcLdd2.o
                0x00012448                AdcLdd2_GetMeasurementCompleteStatus
 .text.AdcLdd2_SetClockConfiguration
                0x0001247c       0x58 ./Generated_Code/AdcLdd2.o
                0x0001247c                AdcLdd2_SetClockConfiguration
 .text.BitIoLdd10_Init
                0x000124d4       0x64 ./Generated_Code/BitIoLdd10.o
                0x000124d4                BitIoLdd10_Init
 .text.BitIoLdd10_PutVal
                0x00012538       0x30 ./Generated_Code/BitIoLdd10.o
                0x00012538                BitIoLdd10_PutVal
 .text.BitIoLdd11_Init
                0x00012568       0x64 ./Generated_Code/BitIoLdd11.o
                0x00012568                BitIoLdd11_Init
 .text.BitIoLdd11_PutVal
                0x000125cc       0x30 ./Generated_Code/BitIoLdd11.o
                0x000125cc                BitIoLdd11_PutVal
 .text.BitIoLdd12_Init
                0x000125fc       0x64 ./Generated_Code/BitIoLdd12.o
                0x000125fc                BitIoLdd12_Init
 .text.BitIoLdd12_PutVal
                0x00012660       0x30 ./Generated_Code/BitIoLdd12.o
                0x00012660                BitIoLdd12_PutVal
 .text.BitIoLdd13_Init
                0x00012690       0x58 ./Generated_Code/BitIoLdd13.o
                0x00012690                BitIoLdd13_Init
 .text.BitIoLdd13_GetVal
                0x000126e8       0x30 ./Generated_Code/BitIoLdd13.o
                0x000126e8                BitIoLdd13_GetVal
 .text.BitIoLdd14_Init
                0x00012718       0x58 ./Generated_Code/BitIoLdd14.o
                0x00012718                BitIoLdd14_Init
 .text.BitIoLdd14_GetVal
                0x00012770       0x30 ./Generated_Code/BitIoLdd14.o
                0x00012770                BitIoLdd14_GetVal
 .text.BitIoLdd15_Init
                0x000127a0       0x58 ./Generated_Code/BitIoLdd15.o
                0x000127a0                BitIoLdd15_Init
 .text.BitIoLdd15_GetVal
                0x000127f8       0x30 ./Generated_Code/BitIoLdd15.o
                0x000127f8                BitIoLdd15_GetVal
 .text.BitIoLdd16_Init
                0x00012828       0x58 ./Generated_Code/BitIoLdd16.o
                0x00012828                BitIoLdd16_Init
 .text.BitIoLdd16_GetVal
                0x00012880       0x30 ./Generated_Code/BitIoLdd16.o
                0x00012880                BitIoLdd16_GetVal
 .text.BitIoLdd17_Init
                0x000128b0       0x64 ./Generated_Code/BitIoLdd17.o
                0x000128b0                BitIoLdd17_Init
 .text.BitIoLdd17_PutVal
                0x00012914       0x30 ./Generated_Code/BitIoLdd17.o
                0x00012914                BitIoLdd17_PutVal
 .text.BitIoLdd18_Init
                0x00012944       0x64 ./Generated_Code/BitIoLdd18.o
                0x00012944                BitIoLdd18_Init
 .text.BitIoLdd18_PutVal
                0x000129a8       0x34 ./Generated_Code/BitIoLdd18.o
                0x000129a8                BitIoLdd18_PutVal
 .text.BitIoLdd19_Init
                0x000129dc       0x64 ./Generated_Code/BitIoLdd19.o
                0x000129dc                BitIoLdd19_Init
 .text.BitIoLdd2_Init
                0x00012a40       0x64 ./Generated_Code/BitIoLdd2.o
                0x00012a40                BitIoLdd2_Init
 .text.BitIoLdd2_PutVal
                0x00012aa4       0x34 ./Generated_Code/BitIoLdd2.o
                0x00012aa4                BitIoLdd2_PutVal
 .text.BitIoLdd20_Init
                0x00012ad8       0x64 ./Generated_Code/BitIoLdd20.o
                0x00012ad8                BitIoLdd20_Init
 .text.BitIoLdd21_Init
                0x00012b3c       0x64 ./Generated_Code/BitIoLdd21.o
                0x00012b3c                BitIoLdd21_Init
 .text.BitIoLdd22_Init
                0x00012ba0       0x64 ./Generated_Code/BitIoLdd22.o
                0x00012ba0                BitIoLdd22_Init
 .text.BitIoLdd23_Init
                0x00012c04       0x64 ./Generated_Code/BitIoLdd23.o
                0x00012c04                BitIoLdd23_Init
 .text.BitIoLdd24_Init
                0x00012c68       0x64 ./Generated_Code/BitIoLdd24.o
                0x00012c68                BitIoLdd24_Init
 .text.BitIoLdd25_Init
                0x00012ccc       0x64 ./Generated_Code/BitIoLdd25.o
                0x00012ccc                BitIoLdd25_Init
 .text.BitIoLdd3_Init
                0x00012d30       0x64 ./Generated_Code/BitIoLdd3.o
                0x00012d30                BitIoLdd3_Init
 .text.BitIoLdd3_PutVal
                0x00012d94       0x34 ./Generated_Code/BitIoLdd3.o
                0x00012d94                BitIoLdd3_PutVal
 .text.BitIoLdd4_Init
                0x00012dc8       0x64 ./Generated_Code/BitIoLdd4.o
                0x00012dc8                BitIoLdd4_Init
 .text.BitIoLdd4_PutVal
                0x00012e2c       0x34 ./Generated_Code/BitIoLdd4.o
                0x00012e2c                BitIoLdd4_PutVal
 .text.BitIoLdd5_Init
                0x00012e60       0x64 ./Generated_Code/BitIoLdd5.o
                0x00012e60                BitIoLdd5_Init
 .text.BitIoLdd5_PutVal
                0x00012ec4       0x30 ./Generated_Code/BitIoLdd5.o
                0x00012ec4                BitIoLdd5_PutVal
 .text.BitIoLdd6_Init
                0x00012ef4       0x64 ./Generated_Code/BitIoLdd6.o
                0x00012ef4                BitIoLdd6_Init
 .text.BitIoLdd6_PutVal
                0x00012f58       0x30 ./Generated_Code/BitIoLdd6.o
                0x00012f58                BitIoLdd6_PutVal
 .text.BitIoLdd7_Init
                0x00012f88       0x64 ./Generated_Code/BitIoLdd7.o
                0x00012f88                BitIoLdd7_Init
 .text.BitIoLdd7_PutVal
                0x00012fec       0x30 ./Generated_Code/BitIoLdd7.o
                0x00012fec                BitIoLdd7_PutVal
 .text.BitIoLdd8_Init
                0x0001301c       0x64 ./Generated_Code/BitIoLdd8.o
                0x0001301c                BitIoLdd8_Init
 .text.BitIoLdd8_PutVal
                0x00013080       0x30 ./Generated_Code/BitIoLdd8.o
                0x00013080                BitIoLdd8_PutVal
 .text.BitIoLdd9_Init
                0x000130b0       0x64 ./Generated_Code/BitIoLdd9.o
                0x000130b0                BitIoLdd9_Init
 .text.BitIoLdd9_PutVal
                0x00013114       0x30 ./Generated_Code/BitIoLdd9.o
                0x00013114                BitIoLdd9_PutVal
 .text.BitsIoLdd1_Init
                0x00013144       0xc8 ./Generated_Code/BitsIoLdd1.o
                0x00013144                BitsIoLdd1_Init
 .text.BitsIoLdd2_Init
                0x0001320c       0xa0 ./Generated_Code/BitsIoLdd2.o
                0x0001320c                BitsIoLdd2_Init
 .text.BitsIoLdd3_Init
                0x000132ac       0x8c ./Generated_Code/BitsIoLdd3.o
                0x000132ac                BitsIoLdd3_Init
 .text.BitsIoLdd4_Init
                0x00013338       0xa0 ./Generated_Code/BitsIoLdd4.o
                0x00013338                BitsIoLdd4_Init
 .text.BitsIoLdd5_Init
                0x000133d8       0x8c ./Generated_Code/BitsIoLdd5.o
                0x000133d8                BitsIoLdd5_Init
 .text.HWEnDi   0x00013464       0x8c ./Generated_Code/Bluethoot.o
 .text.Bluethoot_Enable
                0x000134f0       0x20 ./Generated_Code/Bluethoot.o
                0x000134f0                Bluethoot_Enable
 .text.Bluethoot_RecvChar
                0x00013510       0xd8 ./Generated_Code/Bluethoot.o
                0x00013510                Bluethoot_RecvChar
 .text.Bluethoot_SendChar
                0x000135e8       0xe8 ./Generated_Code/Bluethoot.o
                0x000135e8                Bluethoot_SendChar
 .text.Bluethoot_Init
                0x000136d0       0x6c ./Generated_Code/Bluethoot.o
                0x000136d0                Bluethoot_Init
 .text.Bluethoot_SetClockConfiguration
                0x0001373c       0x20 ./Generated_Code/Bluethoot.o
                0x0001373c                Bluethoot_SetClockConfiguration
 .text.ASerialLdd1_OnBlockReceived
                0x0001375c       0x90 ./Generated_Code/Bluethoot.o
                0x0001375c                ASerialLdd1_OnBlockReceived
 .text.ASerialLdd1_OnBlockSent
                0x000137ec       0xac ./Generated_Code/Bluethoot.o
                0x000137ec                ASerialLdd1_OnBlockSent
 .text.ASerialLdd1_OnError
                0x00013898       0x98 ./Generated_Code/Bluethoot.o
                0x00013898                ASerialLdd1_OnError
 .text.ASerialLdd1_OnBreak
                0x00013930       0x24 ./Generated_Code/Bluethoot.o
                0x00013930                ASerialLdd1_OnBreak
 .text.CaptureLdd1_Init
                0x00013954       0x70 ./Generated_Code/CaptureLdd1.o
                0x00013954                CaptureLdd1_Init
 .text.TU2_OnChannel0
                0x000139c4       0x30 ./Generated_Code/CaptureLdd1.o
                0x000139c4                TU2_OnChannel0
 .text.CaptureLdd1_SetClockConfiguration
                0x000139f4       0x30 ./Generated_Code/CaptureLdd1.o
                0x000139f4                CaptureLdd1_SetClockConfiguration
 .text.CaptureLdd2_Init
                0x00013a24       0x70 ./Generated_Code/CaptureLdd2.o
                0x00013a24                CaptureLdd2_Init
 .text.TU2_OnCounterRestart
                0x00013a94       0x30 ./Generated_Code/CaptureLdd2.o
                0x00013a94                TU2_OnCounterRestart
 .text.TU2_OnChannel1
                0x00013ac4       0x30 ./Generated_Code/CaptureLdd2.o
                0x00013ac4                TU2_OnChannel1
 .text.CaptureLdd2_SetClockConfiguration
                0x00013af4       0x30 ./Generated_Code/CaptureLdd2.o
                0x00013af4                CaptureLdd2_SetClockConfiguration
 .text.Cpu_Interrupt
                0x00013b24       0x18 ./Generated_Code/Cpu.o
                0x00013b24                Cpu_Interrupt
 .text.Cpu_SetMCGModeBLPI
                0x00013b3c       0x58 ./Generated_Code/Cpu.o
 .text.Cpu_SetMCGModeFBI
                0x00013b94       0xf4 ./Generated_Code/Cpu.o
 .text.Cpu_SetMCGModeFEI
                0x00013c88       0x90 ./Generated_Code/Cpu.o
 .text.Cpu_SetMCG
                0x00013d18       0x84 ./Generated_Code/Cpu.o
 .text.Cpu_GetCurrentMCGMode
                0x00013d9c       0x44 ./Generated_Code/Cpu.o
 .text.Cpu_SetClockConfiguration
                0x00013de0      0x2b4 ./Generated_Code/Cpu.o
                0x00013de0                Cpu_SetClockConfiguration
 .text.Cpu_GetClockConfiguration
                0x00014094       0x18 ./Generated_Code/Cpu.o
                0x00014094                Cpu_GetClockConfiguration
 .text.Cpu_EnableInt
                0x000140ac       0x10 ./Generated_Code/Cpu.o
                0x000140ac                Cpu_EnableInt
 .text.Cpu_DisableInt
                0x000140bc       0x10 ./Generated_Code/Cpu.o
                0x000140bc                Cpu_DisableInt
 .text.__init_hardware
                0x000140cc      0x1a0 ./Generated_Code/Cpu.o
                0x000140cc                __init_hardware
 .text.Cpu_SetBASEPRI
                0x0001426c       0x18 ./Generated_Code/Cpu.o
                0x0001426c                Cpu_SetBASEPRI
 .text.PE_low_level_init
                0x00014284      0x24c ./Generated_Code/Cpu.o
                0x00014284                PE_low_level_init
 .text.IFsh1_SetFlash
                0x000144d0      0x1b8 ./Generated_Code/IFsh1.o
                0x000144d0                IFsh1_SetFlash
 .text.IFsh1_SetClockConfiguration
                0x00014688       0x30 ./Generated_Code/IFsh1.o
                0x00014688                IFsh1_SetClockConfiguration
 .text.IFsh1_Init
                0x000146b8       0x34 ./Generated_Code/IFsh1.o
                0x000146b8                IFsh1_Init
 .text.IFsh1_SetWordFlash
                0x000146ec       0x24 ./Generated_Code/IFsh1.o
                0x000146ec                IFsh1_SetWordFlash
 .text.IFsh1_GetWordFlash
                0x00014710       0x94 ./Generated_Code/IFsh1.o
                0x00014710                IFsh1_GetWordFlash
 .text.IntFlashLdd1_OnOperationComplete
                0x000147a4      0x190 ./Generated_Code/IFsh1.o
                0x000147a4                IntFlashLdd1_OnOperationComplete
 .text.IntFlashLdd1_OnError
                0x00014934       0x54 ./Generated_Code/IFsh1.o
                0x00014934                IntFlashLdd1_OnError
 .text.IntFlashLdd1_Init
                0x00014988       0x70 ./Generated_Code/IntFlashLdd1.o
                0x00014988                IntFlashLdd1_Init
 .text.IntFlashLdd1_Write
                0x000149f8       0x80 ./Generated_Code/IntFlashLdd1.o
                0x000149f8                IntFlashLdd1_Write
 .text.IntFlashLdd1_Read
                0x00014a78       0x7c ./Generated_Code/IntFlashLdd1.o
                0x00014a78                IntFlashLdd1_Read
 .text.IntFlashLdd1_Erase
                0x00014af4       0xb0 ./Generated_Code/IntFlashLdd1.o
                0x00014af4                IntFlashLdd1_Erase
 .text.IntFlashLdd1_Main
                0x00014ba4      0x318 ./Generated_Code/IntFlashLdd1.o
                0x00014ba4                IntFlashLdd1_Main
 .text.IntFlashLdd1_GetError
                0x00014ebc       0x90 ./Generated_Code/IntFlashLdd1.o
                0x00014ebc                IntFlashLdd1_GetError
 .text.RangeCheck
                0x00014f4c       0x74 ./Generated_Code/IntFlashLdd1.o
 .text.SafeRoutineCaller
                0x00014fc0       0x94 ./Generated_Code/IntFlashLdd1.o
 .text.IntFlashLdd1_SetClockConfiguration
                0x00015054       0x50 ./Generated_Code/IntFlashLdd1.o
                0x00015054                IntFlashLdd1_SetClockConfiguration
 .text.LDD_SetClockConfiguration
                0x000150a4      0x1fc ./Generated_Code/PE_LDD.o
                0x000150a4                LDD_SetClockConfiguration
 .text.PwmLdd1_Init
                0x000152a0       0x68 ./Generated_Code/PwmLdd1.o
                0x000152a0                PwmLdd1_Init
 .text.PwmLdd1_SetDutyUS
                0x00015308       0x7c ./Generated_Code/PwmLdd1.o
                0x00015308                PwmLdd1_SetDutyUS
 .text.SetRatio
                0x00015384       0x54 ./Generated_Code/PwmLdd1.o
 .text.PwmLdd1_SetClockConfiguration
                0x000153d8       0x30 ./Generated_Code/PwmLdd1.o
                0x000153d8                PwmLdd1_SetClockConfiguration
 .text.CaptureLdd1_OnCapture
                0x00015408       0x14 ./Generated_Code/RPM.o
                0x00015408                CaptureLdd1_OnCapture
 .text.RTC1_Init
                0x0001541c       0xa8 ./Generated_Code/RTC1.o
                0x0001541c                RTC1_Init
 .text.RTC1_GetTime
                0x000154c4      0x184 ./Generated_Code/RTC1.o
                0x000154c4                RTC1_GetTime
 .text.RTC1_SetTime
                0x00015648      0x140 ./Generated_Code/RTC1.o
                0x00015648                RTC1_SetTime
 .text.RTC1_Interrupt
                0x00015788       0x70 ./Generated_Code/RTC1.o
                0x00015788                RTC1_Interrupt
 .text.RTC1_SetClockConfiguration
                0x000157f8       0x18 ./Generated_Code/RTC1.o
                0x000157f8                RTC1_SetClockConfiguration
 .text.RealTimeLdd1_Init
                0x00015810       0x68 ./Generated_Code/RealTimeLdd1.o
                0x00015810                RealTimeLdd1_Init
 .text.RealTimeLdd1_Reset
                0x00015878       0x80 ./Generated_Code/RealTimeLdd1.o
                0x00015878                RealTimeLdd1_Reset
 .text.RealTimeLdd1_GetTimeUS
                0x000158f8       0xbc ./Generated_Code/RealTimeLdd1.o
                0x000158f8                RealTimeLdd1_GetTimeUS
 .text.RealTimeLdd1_SetClockConfiguration
                0x000159b4       0x30 ./Generated_Code/RealTimeLdd1.o
                0x000159b4                RealTimeLdd1_SetClockConfiguration
 .text.TU7_OnCounterRestart
                0x000159e4       0x34 ./Generated_Code/RealTimeLdd1.o
                0x000159e4                TU7_OnCounterRestart
 .text.RealTimeLdd2_Init
                0x00015a18       0x68 ./Generated_Code/RealTimeLdd2.o
                0x00015a18                RealTimeLdd2_Init
 .text.RealTimeLdd2_Reset
                0x00015a80       0x98 ./Generated_Code/RealTimeLdd2.o
                0x00015a80                RealTimeLdd2_Reset
 .text.RealTimeLdd2_GetTimeUS
                0x00015b18       0xbc ./Generated_Code/RealTimeLdd2.o
                0x00015b18                RealTimeLdd2_GetTimeUS
 .text.RealTimeLdd2_SetClockConfiguration
                0x00015bd4       0x38 ./Generated_Code/RealTimeLdd2.o
                0x00015bd4                RealTimeLdd2_SetClockConfiguration
 .text.TU5_OnChannel0
                0x00015c0c       0x60 ./Generated_Code/RealTimeLdd2.o
                0x00015c0c                TU5_OnChannel0
 .text.CaptureLdd2_OnCapture
                0x00015c6c       0x14 ./Generated_Code/Sens_vel.o
                0x00015c6c                CaptureLdd2_OnCapture
 .text.CaptureLdd2_OnOverrun
                0x00015c80       0x14 ./Generated_Code/Sens_vel.o
                0x00015c80                CaptureLdd2_OnOverrun
 .text.TimerIntLdd1_OnInterrupt
                0x00015c94       0x14 ./Generated_Code/TI1.o
                0x00015c94                TimerIntLdd1_OnInterrupt
 .text.TU1_Init
                0x00015ca8       0xec ./Generated_Code/TU1.o
                0x00015ca8                TU1_Init
 .text.TU1_GetPeriodTicks
                0x00015d94       0x40 ./Generated_Code/TU1.o
                0x00015d94                TU1_GetPeriodTicks
 .text.TU1_SetOffsetTicks
                0x00015dd4       0x54 ./Generated_Code/TU1.o
                0x00015dd4                TU1_SetOffsetTicks
 .text.TU1_SetClockConfiguration
                0x00015e28       0x54 ./Generated_Code/TU1.o
                0x00015e28                TU1_SetClockConfiguration
 .text.HWEnDi   0x00015e7c       0x90 ./Generated_Code/TU1.o
 .text.TU2_Init
                0x00015f0c      0x148 ./Generated_Code/TU2.o
                0x00015f0c                TU2_Init
 .text.TU2_SetClockConfiguration
                0x00016054       0x54 ./Generated_Code/TU2.o
                0x00016054                TU2_SetClockConfiguration
 .text.TU2_Interrupt
                0x000160a8      0x108 ./Generated_Code/TU2.o
                0x000160a8                TU2_Interrupt
 .text.HWEnDi   0x000161b0       0x90 ./Generated_Code/TU2.o
 .text.TU3_Init
                0x00016240       0xd4 ./Generated_Code/TU3.o
                0x00016240                TU3_Init
 .text.TU3_SetClockConfiguration
                0x00016314       0x48 ./Generated_Code/TU3.o
                0x00016314                TU3_SetClockConfiguration
 .text.TU3_Interrupt
                0x0001635c       0x40 ./Generated_Code/TU3.o
                0x0001635c                TU3_Interrupt
 .text.HWEnDi   0x0001639c       0x94 ./Generated_Code/TU3.o
 .text.TU4_Init
                0x00016430       0xd4 ./Generated_Code/TU4.o
                0x00016430                TU4_Init
 .text.TU4_Enable
                0x00016504       0x38 ./Generated_Code/TU4.o
                0x00016504                TU4_Enable
 .text.TU4_Disable
                0x0001653c       0x38 ./Generated_Code/TU4.o
                0x0001653c                TU4_Disable
 .text.TU4_SetClockConfiguration
                0x00016574       0x48 ./Generated_Code/TU4.o
                0x00016574                TU4_SetClockConfiguration
 .text.TU4_Interrupt
                0x000165bc       0x40 ./Generated_Code/TU4.o
                0x000165bc                TU4_Interrupt
 .text.HWEnDi   0x000165fc       0x94 ./Generated_Code/TU4.o
 .text.TU5_Init
                0x00016690       0xf0 ./Generated_Code/TU5.o
                0x00016690                TU5_Init
 .text.TU5_GetCounterValue
                0x00016780       0x20 ./Generated_Code/TU5.o
                0x00016780                TU5_GetCounterValue
 .text.TU5_SetOffsetTicks
                0x000167a0       0x54 ./Generated_Code/TU5.o
                0x000167a0                TU5_SetOffsetTicks
 .text.TU5_GetOffsetTicks
                0x000167f4       0x58 ./Generated_Code/TU5.o
                0x000167f4                TU5_GetOffsetTicks
 .text.TU5_SetClockConfiguration
                0x0001684c       0x54 ./Generated_Code/TU5.o
                0x0001684c                TU5_SetClockConfiguration
 .text.TU5_Interrupt
                0x000168a0       0x84 ./Generated_Code/TU5.o
                0x000168a0                TU5_Interrupt
 .text.HWEnDi   0x00016924       0x90 ./Generated_Code/TU5.o
 .text.TU6_Init
                0x000169b4       0xc4 ./Generated_Code/TU6.o
                0x000169b4                TU6_Init
 .text.TU6_SetClockConfiguration
                0x00016a78       0x90 ./Generated_Code/TU6.o
                0x00016a78                TU6_SetClockConfiguration
 .text.TU6_Interrupt
                0x00016b08       0x40 ./Generated_Code/TU6.o
                0x00016b08                TU6_Interrupt
 .text.HWEnDi   0x00016b48       0x90 ./Generated_Code/TU6.o
 .text.TU7_Init
                0x00016bd8       0xd0 ./Generated_Code/TU7.o
                0x00016bd8                TU7_Init
 .text.TU7_ResetCounter
                0x00016ca8       0xa0 ./Generated_Code/TU7.o
                0x00016ca8                TU7_ResetCounter
 .text.TU7_SetClockConfiguration
                0x00016d48       0x48 ./Generated_Code/TU7.o
                0x00016d48                TU7_SetClockConfiguration
 .text.TU7_Interrupt
                0x00016d90       0x40 ./Generated_Code/TU7.o
                0x00016d90                TU7_Interrupt
 .text.HWEnDi   0x00016dd0       0x94 ./Generated_Code/TU7.o
 .text.TimerIntLdd2_OnInterrupt
                0x00016e64       0x14 ./Generated_Code/Teclado.o
                0x00016e64                TimerIntLdd2_OnInterrupt
 .text.TimeDateLdd1_Init
                0x00016e78       0x80 ./Generated_Code/TimeDateLdd1.o
                0x00016e78                TimeDateLdd1_Init
 .text.TimeDateLdd1_SetDate
                0x00016ef8      0x1b8 ./Generated_Code/TimeDateLdd1.o
                0x00016ef8                TimeDateLdd1_SetDate
 .text.TimeDateLdd1_SetClockConfiguration
                0x000170b0       0x40 ./Generated_Code/TimeDateLdd1.o
                0x000170b0                TimeDateLdd1_SetClockConfiguration
 .text.TU6_OnCounterRestart
                0x000170f0       0xc4 ./Generated_Code/TimeDateLdd1.o
                0x000170f0                TU6_OnCounterRestart
 .text.TimerIntLdd1_Init
                0x000171b4       0x5c ./Generated_Code/TimerIntLdd1.o
                0x000171b4                TimerIntLdd1_Init
 .text.TimerIntLdd1_SetClockConfiguration
                0x00017210       0x30 ./Generated_Code/TimerIntLdd1.o
                0x00017210                TimerIntLdd1_SetClockConfiguration
 .text.TU3_OnCounterRestart
                0x00017240       0x24 ./Generated_Code/TimerIntLdd1.o
                0x00017240                TU3_OnCounterRestart
 .text.TimerIntLdd2_Init
                0x00017264       0x5c ./Generated_Code/TimerIntLdd2.o
                0x00017264                TimerIntLdd2_Init
 .text.TimerIntLdd2_Enable
                0x000172c0       0x3c ./Generated_Code/TimerIntLdd2.o
                0x000172c0                TimerIntLdd2_Enable
 .text.TimerIntLdd2_Disable
                0x000172fc       0x3c ./Generated_Code/TimerIntLdd2.o
                0x000172fc                TimerIntLdd2_Disable
 .text.TimerIntLdd2_SetClockConfiguration
                0x00017338       0x30 ./Generated_Code/TimerIntLdd2.o
                0x00017338                TimerIntLdd2_SetClockConfiguration
 .text.TU4_OnCounterRestart
                0x00017368       0x24 ./Generated_Code/TimerIntLdd2.o
                0x00017368                TU4_OnCounterRestart
 .text.TmDt1_SetDate
                0x0001738c       0x48 ./Generated_Code/TmDt1.o
                0x0001738c                TmDt1_SetDate
 .text.WatchDogLdd1_Init
                0x000173d4       0xb8 ./Generated_Code/WatchDogLdd1.o
                0x000173d4                WatchDogLdd1_Init
 .text.WatchDogLdd1_Clear
                0x0001748c       0x84 ./Generated_Code/WatchDogLdd1.o
                0x0001748c                WatchDogLdd1_Clear
 .text.exit     0x00017510       0x28 c:/freescale/kds_v3/toolchain/bin/../lib/gcc/arm-none-eabi/4.8.4/../../../../arm-none-eabi/lib/armv7e-m\libg_s.a(lib_a-exit.o)
                0x00017510                exit
 .text.__libc_init_array
                0x00017538       0x4c c:/freescale/kds_v3/toolchain/bin/../lib/gcc/arm-none-eabi/4.8.4/../../../../arm-none-eabi/lib/armv7e-m\libg_s.a(lib_a-init.o)
                0x00017538                __libc_init_array
 .text.memcpy   0x00017584       0x12 c:/freescale/kds_v3/toolchain/bin/../lib/gcc/arm-none-eabi/4.8.4/../../../../arm-none-eabi/lib/armv7e-m\libg_s.a(lib_a-memcpy-stub.o)
                0x00017584                memcpy
 .text.memset   0x00017596       0x10 c:/freescale/kds_v3/toolchain/bin/../lib/gcc/arm-none-eabi/4.8.4/../../../../arm-none-eabi/lib/armv7e-m\libg_s.a(lib_a-memset.o)
                0x00017596                memset
 *fill*         0x000175a6        0x2 
 .text._exit    0x000175a8        0x4 c:/freescale/kds_v3/toolchain/bin/../lib/gcc/arm-none-eabi/4.8.4/../../../../arm-none-eabi/lib/armv7e-m\libnosys.a(_exit.o)
                0x000175a8                _exit
 *(.rodata)
 *(.rodata*)
 .rodata.Table  0x000175ac        0x8 ./Generated_Code/ADC0_chanells.o
 .rodata.Table  0x000175b4        0x8 ./Generated_Code/ADC1_chanells.o
 .rodata.ChannelToPin
                0x000175bc        0x8 ./Generated_Code/AdcLdd1.o
 .rodata.ChannelToPin
                0x000175c4        0x8 ./Generated_Code/AdcLdd2.o
 .rodata.MCGTransitionMatrix
                0x000175cc        0xc ./Generated_Code/Cpu.o
 .rodata.SafeRoutine
                0x000175d8       0x30 ./Generated_Code/IntFlashLdd1.o
 .rodata.ULY    0x00017608       0x10 ./Generated_Code/RTC1.o
 .rodata.LY     0x00017618       0x10 ./Generated_Code/RTC1.o
 .rodata.MONTH_DAYS
                0x00017628       0x1c ./Generated_Code/RTC1.o
 .rodata.NLY    0x00017644       0x18 ./Generated_Code/TimeDateLdd1.o
 .rodata.LY     0x0001765c       0x18 ./Generated_Code/TimeDateLdd1.o
 .rodata.MONTH_DAYS
                0x00017674       0x1c ./Generated_Code/TimeDateLdd1.o
 .rodata.str1.1
                0x00017690        0x2 c:/freescale/kds_v3/toolchain/bin/../lib/gcc/arm-none-eabi/4.8.4/../../../../arm-none-eabi/lib/armv7e-m\libg_s.a(lib_a-impure.o)
 *fill*         0x00017692        0x2 
 .rodata._global_impure_ptr
                0x00017694        0x4 c:/freescale/kds_v3/toolchain/bin/../lib/gcc/arm-none-eabi/4.8.4/../../../../arm-none-eabi/lib/armv7e-m\libg_s.a(lib_a-impure.o)
                0x00017694                _global_impure_ptr
 *(.glue_7)
 .glue_7        0x00000000        0x0 linker stubs
 *(.glue_7t)
 .glue_7t       0x00000000        0x0 linker stubs
 *(.eh_frame)
 .eh_frame      0x00017698        0x0 c:/freescale/kds_v3/toolchain/bin/../lib/gcc/arm-none-eabi/4.8.4/armv7e-m/crtbegin.o
 *(.init)
 .init          0x00017698        0x4 c:/freescale/kds_v3/toolchain/bin/../lib/gcc/arm-none-eabi/4.8.4/armv7e-m/crti.o
                0x00017698                _init
 .init          0x0001769c        0x8 c:/freescale/kds_v3/toolchain/bin/../lib/gcc/arm-none-eabi/4.8.4/armv7e-m/crtn.o
 *(.fini)
 .fini          0x000176a4        0x4 c:/freescale/kds_v3/toolchain/bin/../lib/gcc/arm-none-eabi/4.8.4/armv7e-m/crti.o
                0x000176a4                _fini
 .fini          0x000176a8        0x8 c:/freescale/kds_v3/toolchain/bin/../lib/gcc/arm-none-eabi/4.8.4/armv7e-m/crtn.o
                0x000176b0                . = ALIGN (0x4)
                0x000176b0                _etext = .

.vfp11_veneer   0x000176b0        0x0
 .vfp11_veneer  0x00000000        0x0 linker stubs

.v4_bx          0x000176b0        0x0
 .v4_bx         0x00000000        0x0 linker stubs

.iplt           0x000176b0        0x0
 .iplt          0x00000000        0x0 c:/freescale/kds_v3/toolchain/bin/../lib/gcc/arm-none-eabi/4.8.4/armv7e-m/crtbegin.o

.ARM.extab
 *(.ARM.extab* .gnu.linkonce.armextab.*)

.ARM            0x000176b0        0x8
                0x000176b0                __exidx_start = .
 *(.ARM.exidx*)
 .ARM.exidx     0x000176b0        0x8 c:/freescale/kds_v3/toolchain/bin/../lib/gcc/arm-none-eabi/4.8.4/../../../../arm-none-eabi/lib/armv7e-m/crt0.o
 .ARM.exidx     0x000176b8        0x0 c:/freescale/kds_v3/toolchain/bin/../lib/gcc/arm-none-eabi/4.8.4/armv7e-m\libgcc.a(_divdi3.o)
                                  0x8 (size before relaxing)
 .ARM.exidx     0x000176b8        0x0 c:/freescale/kds_v3/toolchain/bin/../lib/gcc/arm-none-eabi/4.8.4/armv7e-m\libgcc.a(_udivdi3.o)
                                  0x8 (size before relaxing)
                0x000176b8                __exidx_end = .

.rel.dyn        0x000176b8        0x0
 .rel.iplt      0x00000000        0x0 c:/freescale/kds_v3/toolchain/bin/../lib/gcc/arm-none-eabi/4.8.4/armv7e-m/crtbegin.o

.ctors          0x000176b8        0x0
                0x000176b8                __CTOR_LIST__ = .
 *crtbegin.o(.ctors)
 *(EXCLUDE_FILE(*crtend.o) .ctors)
 *(SORT(.ctors.*))
 *(.ctors)
                0x000176b8                __CTOR_END__ = .

.dtors          0x000176b8        0x0
                0x000176b8                __DTOR_LIST__ = .
 *crtbegin.o(.dtors)
 *(EXCLUDE_FILE(*crtend.o) .dtors)
 *(SORT(.dtors.*))
 *(.dtors)
                0x000176b8                __DTOR_END__ = .

.preinit_array  0x000176b8        0x0
                0x000176b8                PROVIDE (__preinit_array_start, .)
 *(.preinit_array*)
                0x000176b8                PROVIDE (__preinit_array_end, .)

.init_array     0x000176b8        0x4
                0x000176b8                PROVIDE (__init_array_start, .)
 *(SORT(.init_array.*))
 *(.init_array*)
 .init_array    0x000176b8        0x4 c:/freescale/kds_v3/toolchain/bin/../lib/gcc/arm-none-eabi/4.8.4/armv7e-m/crtbegin.o
                0x000176bc                PROVIDE (__init_array_end, .)

.fini_array     0x000176bc        0x4
                0x000176bc                PROVIDE (__fini_array_start, .)
 *(SORT(.fini_array.*))
 *(.fini_array*)
 .fini_array    0x000176bc        0x4 c:/freescale/kds_v3/toolchain/bin/../lib/gcc/arm-none-eabi/4.8.4/armv7e-m/crtbegin.o
                0x000176c0                PROVIDE (__fini_array_end, .)
                0x000176c0                ___ROM_AT = .

.data           0x1fff8000       0x60 load address 0x000176c0
                0x1fff8000                . = ALIGN (0x4)
                0x1fff8000                _sdata = .
 *(.data)
 *(.data*)
 .data.impure_data
                0x1fff8000       0x60 c:/freescale/kds_v3/toolchain/bin/../lib/gcc/arm-none-eabi/4.8.4/../../../../arm-none-eabi/lib/armv7e-m\libg_s.a(lib_a-impure.o)
                0x1fff8060                . = ALIGN (0x4)
                0x1fff8060                _edata = .
                0x00000060                ___data_size = (_edata - _sdata)
                0x00017720                ___m_data_20000000_ROMStart = (___ROM_AT + SIZEOF (.data))

.jcr            0x1fff8060        0x0 load address 0x00017720
 .jcr           0x1fff8060        0x0 c:/freescale/kds_v3/toolchain/bin/../lib/gcc/arm-none-eabi/4.8.4/armv7e-m/crtbegin.o

.igot.plt       0x1fff8060        0x0 load address 0x00017720
 .igot.plt      0x00000000        0x0 c:/freescale/kds_v3/toolchain/bin/../lib/gcc/arm-none-eabi/4.8.4/armv7e-m/crtbegin.o

.m_data_20000000
                0x20000000        0x0 load address 0x00017720
                0x20000000                . = ALIGN (0x4)
                0x20000000                ___m_data_20000000_RAMStart = .
 *(.m_data_20000000)
                0x20000000                ___m_data_20000000_RAMEnd = .
                0x20000000                . = ALIGN (0x4)
                0x00000000                ___m_data_20000000_ROMSize = (___m_data_20000000_RAMEnd - ___m_data_20000000_RAMStart)
                0x20000000                . = ALIGN (0x4)

.bss            0x1fff8060     0x104c load address 0x00017720
                0x1fff8060                __START_BSS = .
                0x1fff8060                PROVIDE (__bss_start__, __START_BSS)
 *(.bss)
 .bss           0x1fff8060       0x1c c:/freescale/kds_v3/toolchain/bin/../lib/gcc/arm-none-eabi/4.8.4/armv7e-m/crtbegin.o
 *(.bss*)
 .bss.pont      0x1fff807c        0x1 ./Sources/Events.o
                0x1fff807c                pont
 .bss.show__    0x1fff807d        0x1 ./Sources/nivel_tanque.o
                0x1fff807d                show__
 .bss.EnUser    0x1fff807e        0x1 ./Generated_Code/ADC0_chanells.o
 .bss.EnMode    0x1fff807f        0x1 ./Generated_Code/ADC0_chanells.o
 .bss.SumChan   0x1fff8080        0x1 ./Generated_Code/ADC0_chanells.o
 .bss.ModeFlg   0x1fff8081        0x1 ./Generated_Code/ADC0_chanells.o
 *fill*         0x1fff8082        0x2 
 .bss.SampleGroup
                0x1fff8084        0x8 ./Generated_Code/ADC0_chanells.o
 .bss.OutFlg    0x1fff808c        0x1 ./Generated_Code/ADC0_chanells.o
 .bss.EnUser    0x1fff808d        0x1 ./Generated_Code/ADC1_chanells.o
 .bss.SumChan   0x1fff808e        0x1 ./Generated_Code/ADC1_chanells.o
 .bss.ModeFlg   0x1fff808f        0x1 ./Generated_Code/ADC1_chanells.o
 .bss.SampleGroup
                0x1fff8090        0x8 ./Generated_Code/ADC1_chanells.o
 .bss.OutFlg    0x1fff8098        0x1 ./Generated_Code/ADC1_chanells.o
 *fill*         0x1fff8099        0x3 
 .bss.DeviceDataPrv__DEFAULT_RTOS_ALLOC
                0x1fff809c       0x20 ./Generated_Code/ASerialLdd1.o
 .bss.INT_UART3_RX_TX__DEFAULT_RTOS_ISRPARAM
                0x1fff80bc        0x4 ./Generated_Code/ASerialLdd1.o
 .bss.INT_UART3_ERR__DEFAULT_RTOS_ISRPARAM
                0x1fff80c0        0x4 ./Generated_Code/ASerialLdd1.o
 .bss.DeviceDataPrv__DEFAULT_RTOS_ALLOC
                0x1fff80c4        0x8 ./Generated_Code/AdcLdd1.o
 .bss.DeviceDataPrv__DEFAULT_RTOS_ALLOC
                0x1fff80cc        0x8 ./Generated_Code/AdcLdd2.o
 .bss.DeviceDataPrv__DEFAULT_RTOS_ALLOC
                0x1fff80d4        0x4 ./Generated_Code/BitIoLdd10.o
 .bss.DeviceDataPrv__DEFAULT_RTOS_ALLOC
                0x1fff80d8        0x4 ./Generated_Code/BitIoLdd11.o
 .bss.DeviceDataPrv__DEFAULT_RTOS_ALLOC
                0x1fff80dc        0x4 ./Generated_Code/BitIoLdd12.o
 .bss.DeviceDataPrv__DEFAULT_RTOS_ALLOC
                0x1fff80e0        0x4 ./Generated_Code/BitIoLdd13.o
 .bss.DeviceDataPrv__DEFAULT_RTOS_ALLOC
                0x1fff80e4        0x4 ./Generated_Code/BitIoLdd14.o
 .bss.DeviceDataPrv__DEFAULT_RTOS_ALLOC
                0x1fff80e8        0x4 ./Generated_Code/BitIoLdd15.o
 .bss.DeviceDataPrv__DEFAULT_RTOS_ALLOC
                0x1fff80ec        0x4 ./Generated_Code/BitIoLdd16.o
 .bss.DeviceDataPrv__DEFAULT_RTOS_ALLOC
                0x1fff80f0        0x4 ./Generated_Code/BitIoLdd17.o
 .bss.DeviceDataPrv__DEFAULT_RTOS_ALLOC
                0x1fff80f4        0x4 ./Generated_Code/BitIoLdd18.o
 .bss.DeviceDataPrv__DEFAULT_RTOS_ALLOC
                0x1fff80f8        0x4 ./Generated_Code/BitIoLdd19.o
 .bss.DeviceDataPrv__DEFAULT_RTOS_ALLOC
                0x1fff80fc        0x4 ./Generated_Code/BitIoLdd2.o
 .bss.DeviceDataPrv__DEFAULT_RTOS_ALLOC
                0x1fff8100        0x4 ./Generated_Code/BitIoLdd20.o
 .bss.DeviceDataPrv__DEFAULT_RTOS_ALLOC
                0x1fff8104        0x4 ./Generated_Code/BitIoLdd21.o
 .bss.DeviceDataPrv__DEFAULT_RTOS_ALLOC
                0x1fff8108        0x4 ./Generated_Code/BitIoLdd22.o
 .bss.DeviceDataPrv__DEFAULT_RTOS_ALLOC
                0x1fff810c        0x4 ./Generated_Code/BitIoLdd23.o
 .bss.DeviceDataPrv__DEFAULT_RTOS_ALLOC
                0x1fff8110        0x4 ./Generated_Code/BitIoLdd24.o
 .bss.DeviceDataPrv__DEFAULT_RTOS_ALLOC
                0x1fff8114        0x4 ./Generated_Code/BitIoLdd25.o
 .bss.DeviceDataPrv__DEFAULT_RTOS_ALLOC
                0x1fff8118        0x4 ./Generated_Code/BitIoLdd3.o
 .bss.DeviceDataPrv__DEFAULT_RTOS_ALLOC
                0x1fff811c        0x4 ./Generated_Code/BitIoLdd4.o
 .bss.DeviceDataPrv__DEFAULT_RTOS_ALLOC
                0x1fff8120        0x4 ./Generated_Code/BitIoLdd5.o
 .bss.DeviceDataPrv__DEFAULT_RTOS_ALLOC
                0x1fff8124        0x4 ./Generated_Code/BitIoLdd6.o
 .bss.DeviceDataPrv__DEFAULT_RTOS_ALLOC
                0x1fff8128        0x4 ./Generated_Code/BitIoLdd7.o
 .bss.DeviceDataPrv__DEFAULT_RTOS_ALLOC
                0x1fff812c        0x4 ./Generated_Code/BitIoLdd8.o
 .bss.DeviceDataPrv__DEFAULT_RTOS_ALLOC
                0x1fff8130        0x4 ./Generated_Code/BitIoLdd9.o
 .bss.DeviceDataPrv__DEFAULT_RTOS_ALLOC
                0x1fff8134        0x4 ./Generated_Code/BitsIoLdd1.o
 .bss.DeviceDataPrv__DEFAULT_RTOS_ALLOC
                0x1fff8138        0x4 ./Generated_Code/BitsIoLdd2.o
 .bss.DeviceDataPrv__DEFAULT_RTOS_ALLOC
                0x1fff813c        0x4 ./Generated_Code/BitsIoLdd3.o
 .bss.DeviceDataPrv__DEFAULT_RTOS_ALLOC
                0x1fff8140        0x4 ./Generated_Code/BitsIoLdd4.o
 .bss.DeviceDataPrv__DEFAULT_RTOS_ALLOC
                0x1fff8144        0x4 ./Generated_Code/BitsIoLdd5.o
 .bss.EnUser    0x1fff8148        0x1 ./Generated_Code/Bluethoot.o
 *fill*         0x1fff8149        0x1 
 .bss.SerFlag   0x1fff814a        0x2 ./Generated_Code/Bluethoot.o
 .bss.Bluethoot_InpLen
                0x1fff814c        0x2 ./Generated_Code/Bluethoot.o
 .bss.InpIndexR
                0x1fff814e        0x2 ./Generated_Code/Bluethoot.o
 .bss.InpIndexW
                0x1fff8150        0x2 ./Generated_Code/Bluethoot.o
 *fill*         0x1fff8152        0x2 
 .bss.InpBuffer
                0x1fff8154      0x100 ./Generated_Code/Bluethoot.o
 .bss.BufferRead
                0x1fff8254        0x1 ./Generated_Code/Bluethoot.o
 *fill*         0x1fff8255        0x1 
 .bss.Bluethoot_OutLen
                0x1fff8256        0x2 ./Generated_Code/Bluethoot.o
 .bss.OutIndexR
                0x1fff8258        0x2 ./Generated_Code/Bluethoot.o
 .bss.OutIndexW
                0x1fff825a        0x2 ./Generated_Code/Bluethoot.o
 .bss.OutBuffer
                0x1fff825c      0x100 ./Generated_Code/Bluethoot.o
 .bss.DeviceDataPrv__DEFAULT_RTOS_ALLOC
                0x1fff835c       0x14 ./Generated_Code/CaptureLdd1.o
 .bss.DeviceDataPrv__DEFAULT_RTOS_ALLOC
                0x1fff8370       0x14 ./Generated_Code/CaptureLdd2.o
 .bss.SR_lock   0x1fff8384        0x1 ./Generated_Code/Cpu.o
                0x1fff8384                SR_lock
 .bss.ClockConfigurationID
                0x1fff8385        0x1 ./Generated_Code/Cpu.o
 *fill*         0x1fff8386        0x2 
 .bss.IFsh1_CurrentCommand
                0x1fff8388        0x4 ./Generated_Code/IFsh1.o
 .bss.IFsh1_CmdResult
                0x1fff838c        0x1 ./Generated_Code/IFsh1.o
 .bss.IFsh1_CmdPending
                0x1fff838d        0x1 ./Generated_Code/IFsh1.o
 .bss.IFsh1_EnMode
                0x1fff838e        0x1 ./Generated_Code/IFsh1.o
 .bss.IFsh1_EnEvent
                0x1fff838f        0x1 ./Generated_Code/IFsh1.o
 .bss.IntFlashLdd1_DevDataPtr
                0x1fff8390        0x4 ./Generated_Code/IFsh1.o
 .bss.IFsh1_CurrentDataAddress
                0x1fff8394        0x4 ./Generated_Code/IFsh1.o
 .bss.IFsh1_CurrentDataSize
                0x1fff8398        0x4 ./Generated_Code/IFsh1.o
 .bss.IFsh1_FlashAddress
                0x1fff839c        0x4 ./Generated_Code/IFsh1.o
 .bss.IFsh1_NextSrcDataAddress
                0x1fff83a0        0x4 ./Generated_Code/IFsh1.o
 .bss.IFsh1_RemainingDataSize
                0x1fff83a4        0x4 ./Generated_Code/IFsh1.o
 .bss.tmpSector
                0x1fff83a8      0x800 ./Generated_Code/IFsh1.o
 .bss.DeviceDataPrv__DEFAULT_RTOS_ALLOC
                0x1fff8ba8       0x1c ./Generated_Code/IntFlashLdd1.o
 .bss.PE_LDD_DeviceDataList
                0x1fff8bc4       0xc8 ./Generated_Code/PE_LDD.o
                0x1fff8bc4                PE_LDD_DeviceDataList
 .bss.DeviceDataPrv__DEFAULT_RTOS_ALLOC
                0x1fff8c8c        0xc ./Generated_Code/PwmLdd1.o
 .bss.DevDataPtr__DEFAULT_RTOS_ALLOC
                0x1fff8c98        0x4 ./Generated_Code/RTC1.o
 .bss.INT_RTC__DEFAULT_RTOS_ISRPARAM
                0x1fff8c9c        0x4 ./Generated_Code/RTC1.o
 .bss.DeviceDataPrv__DEFAULT_RTOS_ALLOC
                0x1fff8ca0       0x14 ./Generated_Code/RealTimeLdd1.o
 .bss.DeviceDataPrv__DEFAULT_RTOS_ALLOC
                0x1fff8cb4       0x14 ./Generated_Code/RealTimeLdd2.o
 .bss.DeviceDataPrv__DEFAULT_RTOS_ALLOC
                0x1fff8cc8       0x10 ./Generated_Code/TU1.o
 .bss.DeviceDataPrv__DEFAULT_RTOS_ALLOC
                0x1fff8cd8       0x14 ./Generated_Code/TU2.o
 .bss.INT_FTM0__DEFAULT_RTOS_ISRPARAM
                0x1fff8cec        0x4 ./Generated_Code/TU2.o
 .bss.DeviceDataPrv__DEFAULT_RTOS_ALLOC
                0x1fff8cf0        0x8 ./Generated_Code/TU3.o
 .bss.INT_PIT2__DEFAULT_RTOS_ISRPARAM
                0x1fff8cf8        0x4 ./Generated_Code/TU3.o
 .bss.DeviceDataPrv__DEFAULT_RTOS_ALLOC
                0x1fff8cfc        0x8 ./Generated_Code/TU4.o
 .bss.INT_PIT0__DEFAULT_RTOS_ISRPARAM
                0x1fff8d04        0x4 ./Generated_Code/TU4.o
 .bss.DeviceDataPrv__DEFAULT_RTOS_ALLOC
                0x1fff8d08       0x14 ./Generated_Code/TU5.o
 .bss.INT_FTM2__DEFAULT_RTOS_ISRPARAM
                0x1fff8d1c        0x4 ./Generated_Code/TU5.o
 .bss.DeviceDataPrv__DEFAULT_RTOS_ALLOC
                0x1fff8d20        0x8 ./Generated_Code/TU6.o
 .bss.INT_LPTimer__DEFAULT_RTOS_ISRPARAM
                0x1fff8d28        0x4 ./Generated_Code/TU6.o
 .bss.DeviceDataPrv__DEFAULT_RTOS_ALLOC
                0x1fff8d2c        0x8 ./Generated_Code/TU7.o
 .bss.INT_PIT1__DEFAULT_RTOS_ISRPARAM
                0x1fff8d34        0x4 ./Generated_Code/TU7.o
 .bss.DeviceDataPrv__DEFAULT_RTOS_ALLOC
                0x1fff8d38       0x18 ./Generated_Code/TimeDateLdd1.o
 .bss.DeviceDataPrv__DEFAULT_RTOS_ALLOC
                0x1fff8d50        0xc ./Generated_Code/TimerIntLdd1.o
 .bss.DeviceDataPrv__DEFAULT_RTOS_ALLOC
                0x1fff8d5c        0xc ./Generated_Code/TimerIntLdd2.o
 .bss.DeviceDataPrv__DEFAULT_RTOS_ALLOC
                0x1fff8d68        0x4 ./Generated_Code/WatchDogLdd1.o
 *(COMMON)
 COMMON         0x1fff8d6c       0x2c ./Sources/Bluethoot.o
                0x1fff8d6c                blueRec
                0x1fff8d80                blueEnv
                0x1fff8d94                comando
 COMMON         0x1fff8d98      0x256 ./Sources/Events.o
                0x1fff8d98                auxPulsos_odo
                0x1fff8d9a                oleoTemp
                0x1fff8d9c                almTempB
                0x1fff8da0                vaicorintias
                0x1fff8da4                histerezeAgua
                0x1fff8da6                minTempB
                0x1fff8da8                pressCombMin
                0x1fff8daa                back
                0x1fff8dab                engOleo
                0x1fff8dac                contShowAlarme
                0x1fff8db0                mili
                0x1fff8db2                b
                0x1fff8db4                pressCombMax
                0x1fff8db6                tempB
                0x1fff8db7                unityLambMin
                0x1fff8db8                anaBoia1
                0x1fff8dc0                limit
                0x1fff8dc1                tempA
                0x1fff8dc2                piscA
                0x1fff8dc4                contDesliga
                0x1fff8dc8                cont_piScAgua
                0x1fff8dcc                voltsOleomin
                0x1fff8dce                f
                0x1fff8dd0                referVelocidade
                0x1fff8dd4                conttempo
                0x1fff8dd8                tensaoOleoMax
                0x1fff8dda                odometroParcial
                0x1fff8ddc                cont_piScA
                0x1fff8de0                minTempOleo
                0x1fff8de2                contFuel
                0x1fff8de3                showTanque
                0x1fff8de4                histerezeB
                0x1fff8de5                OkFuel
                0x1fff8de6                pressCombMeio
                0x1fff8de8                g
                0x1fff8dec                contVelocimetro
                0x1fff8df0                pCombmin
                0x1fff8df1                engOleoB
                0x1fff8df4                flag
                0x1fff8df5                showFuel
                0x1fff8df8                percent
                0x1fff8dfb                auxBoia
                0x1fff8dfc                pCombmax
                0x1fff8dfd                piscB
                0x1fff8dfe                piscOleo
                0x1fff8e00                voltsCombMin
                0x1fff8e04                anaBoia2
                0x1fff8e10                timeles
                0x1fff8e18                contVerAlarme
                0x1fff8e1c                pressao
                0x1fff8e2a                unityLambMax
                0x1fff8e2c                alarme
                0x1fff8e30                aux_nivel
                0x1fff8e32                vai
                0x1fff8e34                combPressao
                0x1fff8e38                brasil_
                0x1fff8e3c                ContBotao
                0x1fff8e40                engAgua
                0x1fff8e42                maxTempB
                0x1fff8e44                TempA
                0x1fff8e48                atualiza_med
                0x1fff8e4c                tensaoLambdaMin
                0x1fff8e50                alarde
                0x1fff8e54                odometroTotal
                0x1fff8e58                over_
                0x1fff8e5c                medida_ana
                0x1fff8e84                nivelTanqMin
                0x1fff8e86                boia
                0x1fff8e88                minTempA
                0x1fff8e8a                auxBoia_
                0x1fff8e8b                pulsosPorVolta
                0x1fff8e8c                tecla
                0x1fff8e8e                tensaoLambdaMax
                0x1fff8e90                pressaoOleoMax
                0x1fff8e92                senha
                0x1fff8e94                kmRest
                0x1fff8e95                tela
                0x1fff8e98                contNivel
                0x1fff8e9c                velocidadeAnt
                0x1fff8e9e                histerezeOleo
                0x1fff8ea0                RpmNewVet
                0x1fff8ea8                pulsos_vel
                0x1fff8eac                brasil
                0x1fff8eb0                medida_ana_press
                0x1fff8ecc                contConFig_
                0x1fff8ece                pulsosHora_
                0x1fff8ed0                oleoPressao
                0x1fff8ed2                pressaoOleoMin
                0x1fff8ed4                c
                0x1fff8ed5                kmRest_
                0x1fff8ed6                voltsOleoMax
                0x1fff8ed8                nivelTanqMeio
                0x1fff8eda                pMapmin
                0x1fff8edb                engOleoA
                0x1fff8edc                senhaHabilitada
                0x1fff8edd                almAgua
                0x1fff8ede                conta
                0x1fff8ee0                pressOleoMin
                0x1fff8ee2                pressOleoMax
                0x1fff8ee4                piscAgua
                0x1fff8ee5                oleo
                0x1fff8ee6                nivel_alarme
                0x1fff8ee8                maxTempAgua
                0x1fff8eea                TempB
                0x1fff8eec                lamb
                0x1fff8eed                nivel_ant
                0x1fff8eee                media
                0x1fff8ef0                data
                0x1fff8f18                mediaRpm
                0x1fff8f30                alarme_
                0x1fff8f3c                mede
                0x1fff8f40                over
                0x1fff8f41                pMapmax
                0x1fff8f42                tensaoOleoMin
                0x1fff8f44                opa
                0x1fff8f46                time
                0x1fff8f48                pOleomin
                0x1fff8f49                tanqueBrasil
                0x1fff8f4a                nivel
                0x1fff8f4b                d
                0x1fff8f4c                maxTempA
                0x1fff8f4e                agua
                0x1fff8f50                aguaTemp
                0x1fff8f52                chupa
                0x1fff8f54                cont_piScOleo
                0x1fff8f58                oleoPress
                0x1fff8f59                h
                0x1fff8f5a                almTempA
                0x1fff8f5c                odometroMetro
                0x1fff8f5e                almOleo
                0x1fff8f60                pressOleoMeio
                0x1fff8f62                bateria_
                0x1fff8f64                minTempAgua
                0x1fff8f68                odometro_
                0x1fff8f69                combPress
                0x1fff8f6c                contMedRpm
                0x1fff8f70                cont_vel
                0x1fff8f74                tanque
                0x1fff8f78                pulsos
                0x1fff8f7c                pOleomax
                0x1fff8f7e                maxTempOleo
                0x1fff8f80                time_
                0x1fff8f88                cont_piScB
                0x1fff8f8c                temperatura
                0x1fff8fb4                voltsCombMax
                0x1fff8fb6                contpulsos
                0x1fff8fb7                a
                0x1fff8fb8                percentConfig
                0x1fff8fb9                histerezeA
                0x1fff8fba                contOverflow
                0x1fff8fbc                pulsos_odo
                0x1fff8fbe                e
                0x1fff8fc0                velocimetro
                0x1fff8fc4                timeVel
                0x1fff8fc8                nivelTanqMax
                0x1fff8fcc                anaBoia4
                0x1fff8fd4                anaBoia3
                0x1fff8fdc                pulsosHora
                0x1fff8fe0                contConFig
                0x1fff8fe4                contSetHora
                0x1fff8fe8                teta
                0x1fff8fec                contKmfuel
 *fill*         0x1fff8fee        0x2 
 COMMON         0x1fff8ff0       0x86 ./Sources/analogicas.o
                0x1fff8ff0                rangeSensor
                0x1fff8ff1                minuto
                0x1fff8ff2                dia
                0x1fff8ff3                hora
                0x1fff8ff4                dadosalvo
                0x1fff906c                engMap
                0x1fff906e                ano
                0x1fff9070                flashdataadr
                0x1fff9074                dadosSalvos
                0x1fff9075                mes
 COMMON         0x1fff9076        0x2 ./Sources/auxiliar.o
                0x1fff9076                measureAlarm
 COMMON         0x1fff9078        0x4 ./Sources/main.o
                0x1fff9078                p_cursor
                0x1fff907a                duty
 COMMON         0x1fff907c       0x18 ./Generated_Code/ADC0_chanells.o
                0x1fff907c                ADC0_chanells_OutV
                0x1fff9090                AdcLdd2_DeviceDataPtr
 COMMON         0x1fff9094       0x10 ./Generated_Code/ADC1_chanells.o
                0x1fff9094                ADC1_chanells_OutV
                0x1fff90a0                AdcLdd1_DeviceDataPtr
 COMMON         0x1fff90a4        0x4 ./Generated_Code/Bluethoot.o
                0x1fff90a4                ASerialLdd1_DeviceDataPtr
 COMMON         0x1fff90a8        0x1 ./Generated_Code/Cpu.o
                0x1fff90a8                SR_reg
                0x1fff90ac                . = ALIGN (0x4)
 *fill*         0x1fff90a9        0x3 
                0x1fff90ac                __END_BSS = .
                0x1fff90ac                PROVIDE (__bss_end__, __END_BSS)
                0x00017720                _romp_at = ((___ROM_AT + SIZEOF (.data)) + SIZEOF (.m_data_20000000))

.romp           0x1fff90ac       0x24 load address 0x00017720
                0x00017720                __S_romp = _romp_at
                0x1fff90ac        0x4 LONG 0x176c0 ___ROM_AT
                0x1fff90b0        0x4 LONG 0x1fff8000 _sdata
                0x1fff90b4        0x4 LONG 0x60 ___data_size
                0x1fff90b8        0x4 LONG 0x17720 ___m_data_20000000_ROMStart
                0x1fff90bc        0x4 LONG 0x20000000 ___m_data_20000000_RAMStart
                0x1fff90c0        0x4 LONG 0x0 ___m_data_20000000_ROMSize
                0x1fff90c4        0x4 LONG 0x0
                0x1fff90c8        0x4 LONG 0x0
                0x1fff90cc        0x4 LONG 0x0
                0x00040000                text_end = (ORIGIN (m_text) + 0x3fbf0)
                0x00017744                data_init_end = ((___m_data_20000000_ROMStart + SIZEOF (.m_data_20000000)) + SIZEOF (.romp))
                0x00000001                ASSERT ((data_init_end <= text_end), region m_text overflowed with text and data)

._user_heap_stack
                0x1fff90d0      0x400 load address 0x00017744
                0x1fff90d0                . = ALIGN (0x4)
                0x1fff90d0                PROVIDE (end, .)
                0x1fff90d0                PROVIDE (_end, .)
                0x1fff90d0                PROVIDE (__end__, .)
                0x1fff90d0                __heap_addr = .
                0x1fff90d0                __HeapBase = .
                0x1fff90d0                . = (. + __heap_size)
                0x1fff90d0                __HeapLimit = .
                0x1fff94d0                . = (. + __stack_size)
 *fill*         0x1fff90d0      0x400 
                0x1fff94d0                . = ALIGN (0x4)

.ARM.attributes
                0x00000000       0x2a
 *(.ARM.attributes)
 .ARM.attributes
                0x00000000       0x1e c:/freescale/kds_v3/toolchain/bin/../lib/gcc/arm-none-eabi/4.8.4/armv7e-m/crti.o
 .ARM.attributes
                0x0000001e       0x2e c:/freescale/kds_v3/toolchain/bin/../lib/gcc/arm-none-eabi/4.8.4/armv7e-m/crtbegin.o
 .ARM.attributes
                0x0000004c       0x1c c:/freescale/kds_v3/toolchain/bin/../lib/gcc/arm-none-eabi/4.8.4/../../../../arm-none-eabi/lib/armv7e-m/crt0.o
 .ARM.attributes
                0x00000068       0x33 ./Sources/Bluethoot.o
 .ARM.attributes
                0x0000009b       0x33 ./Sources/Events.o
 .ARM.attributes
                0x000000ce       0x33 ./Sources/analogicas.o
 .ARM.attributes
                0x00000101       0x33 ./Sources/aux_telas.o
 .ARM.attributes
                0x00000134       0x33 ./Sources/auxiliar.o
 .ARM.attributes
                0x00000167       0x33 ./Sources/dadosFlash.o
 .ARM.attributes
                0x0000019a       0x33 ./Sources/display.o
 .ARM.attributes
                0x000001cd       0x33 ./Sources/main.o
 .ARM.attributes
                0x00000200       0x33 ./Sources/nivel_tanque.o
 .ARM.attributes
                0x00000233       0x33 ./Sources/telaPrincipal.o
 .ARM.attributes
                0x00000266       0x33 ./Sources/velocimetro.o
 .ARM.attributes
                0x00000299       0x33 ./Project_Settings/Startup_Code/startup.o
 .ARM.attributes
                0x000002cc       0x33 ./Generated_Code/ADC0_chanells.o
 .ARM.attributes
                0x000002ff       0x33 ./Generated_Code/ADC1_chanells.o
 .ARM.attributes
                0x00000332       0x33 ./Generated_Code/ASerialLdd1.o
 .ARM.attributes
                0x00000365       0x33 ./Generated_Code/AdcLdd1.o
 .ARM.attributes
                0x00000398       0x33 ./Generated_Code/AdcLdd2.o
 .ARM.attributes
                0x000003cb       0x33 ./Generated_Code/BitIoLdd10.o
 .ARM.attributes
                0x000003fe       0x33 ./Generated_Code/BitIoLdd11.o
 .ARM.attributes
                0x00000431       0x33 ./Generated_Code/BitIoLdd12.o
 .ARM.attributes
                0x00000464       0x33 ./Generated_Code/BitIoLdd13.o
 .ARM.attributes
                0x00000497       0x33 ./Generated_Code/BitIoLdd14.o
 .ARM.attributes
                0x000004ca       0x33 ./Generated_Code/BitIoLdd15.o
 .ARM.attributes
                0x000004fd       0x33 ./Generated_Code/BitIoLdd16.o
 .ARM.attributes
                0x00000530       0x33 ./Generated_Code/BitIoLdd17.o
 .ARM.attributes
                0x00000563       0x33 ./Generated_Code/BitIoLdd18.o
 .ARM.attributes
                0x00000596       0x33 ./Generated_Code/BitIoLdd19.o
 .ARM.attributes
                0x000005c9       0x33 ./Generated_Code/BitIoLdd2.o
 .ARM.attributes
                0x000005fc       0x33 ./Generated_Code/BitIoLdd20.o
 .ARM.attributes
                0x0000062f       0x33 ./Generated_Code/BitIoLdd21.o
 .ARM.attributes
                0x00000662       0x33 ./Generated_Code/BitIoLdd22.o
 .ARM.attributes
                0x00000695       0x33 ./Generated_Code/BitIoLdd23.o
 .ARM.attributes
                0x000006c8       0x33 ./Generated_Code/BitIoLdd24.o
 .ARM.attributes
                0x000006fb       0x33 ./Generated_Code/BitIoLdd25.o
 .ARM.attributes
                0x0000072e       0x33 ./Generated_Code/BitIoLdd3.o
 .ARM.attributes
                0x00000761       0x33 ./Generated_Code/BitIoLdd4.o
 .ARM.attributes
                0x00000794       0x33 ./Generated_Code/BitIoLdd5.o
 .ARM.attributes
                0x000007c7       0x33 ./Generated_Code/BitIoLdd6.o
 .ARM.attributes
                0x000007fa       0x33 ./Generated_Code/BitIoLdd7.o
 .ARM.attributes
                0x0000082d       0x33 ./Generated_Code/BitIoLdd8.o
 .ARM.attributes
                0x00000860       0x33 ./Generated_Code/BitIoLdd9.o
 .ARM.attributes
                0x00000893       0x33 ./Generated_Code/BitsIoLdd1.o
 .ARM.attributes
                0x000008c6       0x33 ./Generated_Code/BitsIoLdd2.o
 .ARM.attributes
                0x000008f9       0x33 ./Generated_Code/BitsIoLdd3.o
 .ARM.attributes
                0x0000092c       0x33 ./Generated_Code/BitsIoLdd4.o
 .ARM.attributes
                0x0000095f       0x33 ./Generated_Code/BitsIoLdd5.o
 .ARM.attributes
                0x00000992       0x33 ./Generated_Code/Bluethoot.o
 .ARM.attributes
                0x000009c5       0x33 ./Generated_Code/CaptureLdd1.o
 .ARM.attributes
                0x000009f8       0x33 ./Generated_Code/CaptureLdd2.o
 .ARM.attributes
                0x00000a2b       0x33 ./Generated_Code/Cpu.o
 .ARM.attributes
                0x00000a5e       0x33 ./Generated_Code/IFsh1.o
 .ARM.attributes
                0x00000a91       0x33 ./Generated_Code/IntFlashLdd1.o
 .ARM.attributes
                0x00000ac4       0x33 ./Generated_Code/PE_LDD.o
 .ARM.attributes
                0x00000af7       0x33 ./Generated_Code/PwmLdd1.o
 .ARM.attributes
                0x00000b2a       0x33 ./Generated_Code/RPM.o
 .ARM.attributes
                0x00000b5d       0x33 ./Generated_Code/RTC1.o
 .ARM.attributes
                0x00000b90       0x33 ./Generated_Code/RealTimeLdd1.o
 .ARM.attributes
                0x00000bc3       0x33 ./Generated_Code/RealTimeLdd2.o
 .ARM.attributes
                0x00000bf6       0x33 ./Generated_Code/Sens_vel.o
 .ARM.attributes
                0x00000c29       0x33 ./Generated_Code/TI1.o
 .ARM.attributes
                0x00000c5c       0x33 ./Generated_Code/TU1.o
 .ARM.attributes
                0x00000c8f       0x33 ./Generated_Code/TU2.o
 .ARM.attributes
                0x00000cc2       0x33 ./Generated_Code/TU3.o
 .ARM.attributes
                0x00000cf5       0x33 ./Generated_Code/TU4.o
 .ARM.attributes
                0x00000d28       0x33 ./Generated_Code/TU5.o
 .ARM.attributes
                0x00000d5b       0x33 ./Generated_Code/TU6.o
 .ARM.attributes
                0x00000d8e       0x33 ./Generated_Code/TU7.o
 .ARM.attributes
                0x00000dc1       0x33 ./Generated_Code/Teclado.o
 .ARM.attributes
                0x00000df4       0x33 ./Generated_Code/TimeDateLdd1.o
 .ARM.attributes
                0x00000e27       0x33 ./Generated_Code/TimerIntLdd1.o
 .ARM.attributes
                0x00000e5a       0x33 ./Generated_Code/TimerIntLdd2.o
 .ARM.attributes
                0x00000e8d       0x33 ./Generated_Code/TmDt1.o
 .ARM.attributes
                0x00000ec0       0x33 ./Generated_Code/Vectors.o
 .ARM.attributes
                0x00000ef3       0x33 ./Generated_Code/WatchDogLdd1.o
 .ARM.attributes
                0x00000f26       0x1e c:/freescale/kds_v3/toolchain/bin/../lib/gcc/arm-none-eabi/4.8.4/armv7e-m\libgcc.a(_arm_addsubdf3.o)
 .ARM.attributes
                0x00000f44       0x1e c:/freescale/kds_v3/toolchain/bin/../lib/gcc/arm-none-eabi/4.8.4/armv7e-m\libgcc.a(_arm_muldivdf3.o)
 .ARM.attributes
                0x00000f62       0x1e c:/freescale/kds_v3/toolchain/bin/../lib/gcc/arm-none-eabi/4.8.4/armv7e-m\libgcc.a(_arm_fixunsdfsi.o)
 .ARM.attributes
                0x00000f80       0x1e c:/freescale/kds_v3/toolchain/bin/../lib/gcc/arm-none-eabi/4.8.4/armv7e-m\libgcc.a(_arm_addsubsf3.o)
 .ARM.attributes
                0x00000f9e       0x1e c:/freescale/kds_v3/toolchain/bin/../lib/gcc/arm-none-eabi/4.8.4/armv7e-m\libgcc.a(_arm_muldivsf3.o)
 .ARM.attributes
                0x00000fbc       0x1e c:/freescale/kds_v3/toolchain/bin/../lib/gcc/arm-none-eabi/4.8.4/armv7e-m\libgcc.a(_arm_cmpsf2.o)
 .ARM.attributes
                0x00000fda       0x1e c:/freescale/kds_v3/toolchain/bin/../lib/gcc/arm-none-eabi/4.8.4/armv7e-m\libgcc.a(_arm_fixunssfsi.o)
 .ARM.attributes
                0x00000ff8       0x1e c:/freescale/kds_v3/toolchain/bin/../lib/gcc/arm-none-eabi/4.8.4/armv7e-m\libgcc.a(_aeabi_uldivmod.o)
 .ARM.attributes
                0x00001016       0x2e c:/freescale/kds_v3/toolchain/bin/../lib/gcc/arm-none-eabi/4.8.4/armv7e-m\libgcc.a(bpabi.o)
 .ARM.attributes